Archive member included because of file (symbol)

/usr/lib/gcc/msp430/4.6.3/mcpu-430x/mmpy-16/libgcc.a(_udivmod32.o)
                              apps/chipcon/chipcon.o (__udivsi3)
/usr/lib/gcc/msp430/4.6.3/mcpu-430x/mmpy-16/libcrt0.a(_reset_vector__.o)
                              /usr/lib/gcc/msp430/4.6.3/mcpu-430x/mmpy-16/crt0ivtbl32.o (_reset_vector__)
/usr/lib/gcc/msp430/4.6.3/mcpu-430x/mmpy-16/libcrt0.a(__watchdog_support.o)
                              /usr/lib/gcc/msp430/4.6.3/mcpu-430x/mmpy-16/libcrt0.a(_reset_vector__.o) (__watchdog_support)
/usr/lib/gcc/msp430/4.6.3/mcpu-430x/mmpy-16/libcrt0.a(__init_stack.o)
                              /usr/lib/gcc/msp430/4.6.3/mcpu-430x/mmpy-16/libcrt0.a(_reset_vector__.o) (__init_stack)
/usr/lib/gcc/msp430/4.6.3/mcpu-430x/mmpy-16/libcrt0.a(__low_level_init.o)
                              /usr/lib/gcc/msp430/4.6.3/mcpu-430x/mmpy-16/libcrt0.a(_reset_vector__.o) (__low_level_init)
/usr/lib/gcc/msp430/4.6.3/mcpu-430x/mmpy-16/libcrt0.a(_copy_data.o)
                              /usr/lib/gcc/msp430/4.6.3/mcpu-430x/mmpy-16/libcrt0.a(_reset_vector__.o) (__do_copy_data)
/usr/lib/gcc/msp430/4.6.3/mcpu-430x/mmpy-16/libcrt0.a(_clear_bss.o)
                              /usr/lib/gcc/msp430/4.6.3/mcpu-430x/mmpy-16/libcrt0.a(_reset_vector__.o) (__do_clear_bss)
/usr/lib/gcc/msp430/4.6.3/mcpu-430x/mmpy-16/libcrt0.a(__stop_progExec__.o)
                              /usr/lib/gcc/msp430/4.6.3/mcpu-430x/mmpy-16/libcrt0.a(_reset_vector__.o) (__stop_progExec__)
/usr/lib/gcc/msp430/4.6.3/mcpu-430x/mmpy-16/libcrt0.a(_endless_loop__.o)
                              /usr/lib/gcc/msp430/4.6.3/mcpu-430x/mmpy-16/libcrt0.a(_reset_vector__.o) (_endless_loop__)
/usr/lib/gcc/msp430/4.6.3/mcpu-430x/mmpy-16/libcrt0.a(_unexpected_.o)
                              /usr/lib/gcc/msp430/4.6.3/mcpu-430x/mmpy-16/crt0ivtbl32.o (_unexpected_)

Allocating common symbols
Common symbol       size              file

savedtclk           0x2               apps/jtag/jtag.o
cmddata             0x204             lib/command.o

Memory Configuration

Name             Origin             Length             Attributes
sfr              0x0000000000000000 0x0000000000000010
peripheral_8bit  0x0000000000000010 0x00000000000000f0
peripheral_16bit 0x0000000000000100 0x0000000000000100
ram_mirror       0x0000000000000200 0x0000000000000800 xw
infomem          0x0000000000001000 0x0000000000000100
infod            0x0000000000001000 0x0000000000000040
infoc            0x0000000000001040 0x0000000000000040
infob            0x0000000000001080 0x0000000000000040
infoa            0x00000000000010c0 0x0000000000000040
ram              0x0000000000001100 0x0000000000002000 xw
rom              0x0000000000003100 0x000000000000cebe xr
vectors          0x000000000000ffc0 0x0000000000000040
far_rom          0x0000000000010000 0x0000000000010000
bsl              0x0000000000000000 0x0000000000000000
ram2             0x0000000000000000 0x0000000000000000 xw
usbram           0x0000000000000000 0x0000000000000000 xw
*default*        0x0000000000000000 0xffffffffffffffff

Linker script and memory map

LOAD /usr/lib/gcc/msp430/4.6.3/mcpu-430x/mmpy-16/crt0ivtbl32.o
LOAD goodfet.o
LOAD lib/msp430f2618.o
LOAD lib/command.o
LOAD lib/dco_calib.o
LOAD lib/apps.o
LOAD lib/msp430.o
LOAD lib/arduino.o
LOAD apps/jtag/jtag430asm.o
LOAD apps/monitor/monitor.o
LOAD apps/spi/spi.o
LOAD apps/usb/maxusb.o
LOAD apps/jtag/jtag.o
LOAD apps/jtag/jtag430.o
LOAD apps/jtag/jtag430x2.o
LOAD apps/i2c/i2c.o
LOAD apps/owe/owe.o
LOAD apps/jtag/jtagarm7.o
LOAD apps/jtag/openocd.o
LOAD apps/chipcon/chipcon.o
LOAD apps/avr/avr.o
LOAD apps/radios/ccspi.o
LOAD apps/radios/cc2500.o
LOAD apps/radios/nrf.o
LOAD /usr/lib/gcc/msp430/4.6.3/mcpu-430x/mmpy-16/libgcc.a
LOAD /usr/lib/gcc/msp430/4.6.3/../../../../msp430/lib/mcpu-430x/mmpy-16/libc.a
LOAD /usr/lib/gcc/msp430/4.6.3/mcpu-430x/mmpy-16/libgcc.a
LOAD /usr/lib/gcc/msp430/4.6.3/mcpu-430x/mmpy-16/libcrt0.a
                0x0000000000000040                PROVIDE (__info_segment_size, 0x40)
                0x0000000000001000                PROVIDE (__infod, 0x1000)
                0x0000000000001040                PROVIDE (__infoc, 0x1040)
                0x0000000000001080                PROVIDE (__infob, 0x1080)
                0x00000000000010c0                PROVIDE (__infoa, 0x10c0)
                0x0000000000000000                __IE1 = 0x0
                0x0000000000000002                __IFG1 = 0x2
                0x0000000000000001                __IE2 = 0x1
                0x0000000000000003                __IFG2 = 0x3
                0x0000000000000006                __UC1IE = 0x6
                0x0000000000000007                __UC1IFG = 0x7
                0x00000000000001a0                __ADC12CTL0 = 0x1a0
                0x00000000000001a2                __ADC12CTL1 = 0x1a2
                0x00000000000001a4                __ADC12IFG = 0x1a4
                0x00000000000001a6                __ADC12IE = 0x1a6
                0x00000000000001a8                __ADC12IV = 0x1a8
                0x0000000000000140                __ADC12MEM0 = 0x140
                0x0000000000000142                __ADC12MEM1 = 0x142
                0x0000000000000144                __ADC12MEM2 = 0x144
                0x0000000000000146                __ADC12MEM3 = 0x146
                0x0000000000000148                __ADC12MEM4 = 0x148
                0x000000000000014a                __ADC12MEM5 = 0x14a
                0x000000000000014c                __ADC12MEM6 = 0x14c
                0x000000000000014e                __ADC12MEM7 = 0x14e
                0x0000000000000150                __ADC12MEM8 = 0x150
                0x0000000000000152                __ADC12MEM9 = 0x152
                0x0000000000000154                __ADC12MEM10 = 0x154
                0x0000000000000156                __ADC12MEM11 = 0x156
                0x0000000000000158                __ADC12MEM12 = 0x158
                0x000000000000015a                __ADC12MEM13 = 0x15a
                0x000000000000015c                __ADC12MEM14 = 0x15c
                0x000000000000015e                __ADC12MEM15 = 0x15e
                0x0000000000000080                __ADC12MCTL0 = 0x80
                0x0000000000000081                __ADC12MCTL1 = 0x81
                0x0000000000000082                __ADC12MCTL2 = 0x82
                0x0000000000000083                __ADC12MCTL3 = 0x83
                0x0000000000000084                __ADC12MCTL4 = 0x84
                0x0000000000000085                __ADC12MCTL5 = 0x85
                0x0000000000000086                __ADC12MCTL6 = 0x86
                0x0000000000000087                __ADC12MCTL7 = 0x87
                0x0000000000000088                __ADC12MCTL8 = 0x88
                0x0000000000000089                __ADC12MCTL9 = 0x89
                0x000000000000008a                __ADC12MCTL10 = 0x8a
                0x000000000000008b                __ADC12MCTL11 = 0x8b
                0x000000000000008c                __ADC12MCTL12 = 0x8c
                0x000000000000008d                __ADC12MCTL13 = 0x8d
                0x000000000000008e                __ADC12MCTL14 = 0x8e
                0x000000000000008f                __ADC12MCTL15 = 0x8f
                0x0000000000000056                __DCOCTL = 0x56
                0x0000000000000057                __BCSCTL1 = 0x57
                0x0000000000000058                __BCSCTL2 = 0x58
                0x0000000000000053                __BCSCTL3 = 0x53
                0x0000000000000059                __CACTL1 = 0x59
                0x000000000000005a                __CACTL2 = 0x5a
                0x000000000000005b                __CAPD = 0x5b
                0x00000000000001c0                __DAC12_0CTL = 0x1c0
                0x00000000000001c2                __DAC12_1CTL = 0x1c2
                0x00000000000001c8                __DAC12_0DAT = 0x1c8
                0x00000000000001ca                __DAC12_1DAT = 0x1ca
                0x0000000000000122                __DMACTL0 = 0x122
                0x0000000000000124                __DMACTL1 = 0x124
                0x0000000000000126                __DMAIV = 0x126
                0x00000000000001d0                __DMA0CTL = 0x1d0
                0x00000000000001dc                __DMA1CTL = 0x1dc
                0x00000000000001e8                __DMA2CTL = 0x1e8
                0x00000000000001d2                __DMA0SA = 0x1d2
                0x00000000000001d2                __DMA0SAL = 0x1d2
                0x00000000000001d6                __DMA0DA = 0x1d6
                0x00000000000001d6                __DMA0DAL = 0x1d6
                0x00000000000001da                __DMA0SZ = 0x1da
                0x00000000000001de                __DMA1SA = 0x1de
                0x00000000000001de                __DMA1SAL = 0x1de
                0x00000000000001e2                __DMA1DA = 0x1e2
                0x00000000000001e2                __DMA1DAL = 0x1e2
                0x00000000000001e6                __DMA1SZ = 0x1e6
                0x00000000000001ea                __DMA2SA = 0x1ea
                0x00000000000001ea                __DMA2SAL = 0x1ea
                0x00000000000001ee                __DMA2DA = 0x1ee
                0x00000000000001ee                __DMA2DAL = 0x1ee
                0x00000000000001f2                __DMA2SZ = 0x1f2
                0x0000000000000128                __FCTL1 = 0x128
                0x000000000000012a                __FCTL2 = 0x12a
                0x000000000000012c                __FCTL3 = 0x12c
                0x00000000000001be                __FCTL4 = 0x1be
                0x0000000000000130                __MPY = 0x130
                0x0000000000000132                __MPYS = 0x132
                0x0000000000000134                __MAC = 0x134
                0x0000000000000136                __MACS = 0x136
                0x0000000000000138                __OP2 = 0x138
                0x000000000000013a                __RESLO = 0x13a
                0x000000000000013c                __RESHI = 0x13c
                0x000000000000013e                __SUMEXT = 0x13e
                0x0000000000000020                __P1IN = 0x20
                0x0000000000000021                __P1OUT = 0x21
                0x0000000000000022                __P1DIR = 0x22
                0x0000000000000023                __P1IFG = 0x23
                0x0000000000000024                __P1IES = 0x24
                0x0000000000000025                __P1IE = 0x25
                0x0000000000000026                __P1SEL = 0x26
                0x0000000000000027                __P1REN = 0x27
                0x0000000000000028                __P2IN = 0x28
                0x0000000000000029                __P2OUT = 0x29
                0x000000000000002a                __P2DIR = 0x2a
                0x000000000000002b                __P2IFG = 0x2b
                0x000000000000002c                __P2IES = 0x2c
                0x000000000000002d                __P2IE = 0x2d
                0x000000000000002e                __P2SEL = 0x2e
                0x000000000000002f                __P2REN = 0x2f
                0x0000000000000018                __P3IN = 0x18
                0x0000000000000019                __P3OUT = 0x19
                0x000000000000001a                __P3DIR = 0x1a
                0x000000000000001b                __P3SEL = 0x1b
                0x0000000000000010                __P3REN = 0x10
                0x000000000000001c                __P4IN = 0x1c
                0x000000000000001d                __P4OUT = 0x1d
                0x000000000000001e                __P4DIR = 0x1e
                0x000000000000001f                __P4SEL = 0x1f
                0x0000000000000011                __P4REN = 0x11
                0x0000000000000030                __P5IN = 0x30
                0x0000000000000031                __P5OUT = 0x31
                0x0000000000000032                __P5DIR = 0x32
                0x0000000000000033                __P5SEL = 0x33
                0x0000000000000012                __P5REN = 0x12
                0x0000000000000034                __P6IN = 0x34
                0x0000000000000035                __P6OUT = 0x35
                0x0000000000000036                __P6DIR = 0x36
                0x0000000000000037                __P6SEL = 0x37
                0x0000000000000013                __P6REN = 0x13
                0x0000000000000038                __P7IN = 0x38
                0x000000000000003a                __P7OUT = 0x3a
                0x000000000000003c                __P7DIR = 0x3c
                0x000000000000003e                __P7SEL = 0x3e
                0x0000000000000014                __P7REN = 0x14
                0x0000000000000039                __P8IN = 0x39
                0x000000000000003b                __P8OUT = 0x3b
                0x000000000000003d                __P8DIR = 0x3d
                0x000000000000003f                __P8SEL = 0x3f
                0x0000000000000015                __P8REN = 0x15
                0x0000000000000038                __PAIN = 0x38
                0x000000000000003a                __PAOUT = 0x3a
                0x000000000000003c                __PADIR = 0x3c
                0x000000000000003e                __PASEL = 0x3e
                0x0000000000000014                __PAREN = 0x14
                0x0000000000000055                __SVSCTL = 0x55
                0x000000000000012e                __TAIV = 0x12e
                0x0000000000000160                __TACTL = 0x160
                0x0000000000000162                __TACCTL0 = 0x162
                0x0000000000000164                __TACCTL1 = 0x164
                0x0000000000000166                __TACCTL2 = 0x166
                0x0000000000000170                __TAR = 0x170
                0x0000000000000172                __TACCR0 = 0x172
                0x0000000000000174                __TACCR1 = 0x174
                0x0000000000000176                __TACCR2 = 0x176
                0x000000000000011e                __TBIV = 0x11e
                0x0000000000000180                __TBCTL = 0x180
                0x0000000000000182                __TBCCTL0 = 0x182
                0x0000000000000184                __TBCCTL1 = 0x184
                0x0000000000000186                __TBCCTL2 = 0x186
                0x0000000000000188                __TBCCTL3 = 0x188
                0x000000000000018a                __TBCCTL4 = 0x18a
                0x000000000000018c                __TBCCTL5 = 0x18c
                0x000000000000018e                __TBCCTL6 = 0x18e
                0x0000000000000190                __TBR = 0x190
                0x0000000000000192                __TBCCR0 = 0x192
                0x0000000000000194                __TBCCR1 = 0x194
                0x0000000000000196                __TBCCR2 = 0x196
                0x0000000000000198                __TBCCR3 = 0x198
                0x000000000000019a                __TBCCR4 = 0x19a
                0x000000000000019c                __TBCCR5 = 0x19c
                0x000000000000019e                __TBCCR6 = 0x19e
                0x0000000000000060                __UCA0CTL0 = 0x60
                0x0000000000000061                __UCA0CTL1 = 0x61
                0x0000000000000062                __UCA0BR0 = 0x62
                0x0000000000000063                __UCA0BR1 = 0x63
                0x0000000000000064                __UCA0MCTL = 0x64
                0x0000000000000065                __UCA0STAT = 0x65
                0x0000000000000066                __UCA0RXBUF = 0x66
                0x0000000000000067                __UCA0TXBUF = 0x67
                0x000000000000005d                __UCA0ABCTL = 0x5d
                0x000000000000005e                __UCA0IRTCTL = 0x5e
                0x000000000000005f                __UCA0IRRCTL = 0x5f
                0x0000000000000068                __UCB0CTL0 = 0x68
                0x0000000000000069                __UCB0CTL1 = 0x69
                0x000000000000006a                __UCB0BR0 = 0x6a
                0x000000000000006b                __UCB0BR1 = 0x6b
                0x000000000000006c                __UCB0I2CIE = 0x6c
                0x000000000000006d                __UCB0STAT = 0x6d
                0x000000000000006e                __UCB0RXBUF = 0x6e
                0x000000000000006f                __UCB0TXBUF = 0x6f
                0x0000000000000118                __UCB0I2COA = 0x118
                0x000000000000011a                __UCB0I2CSA = 0x11a
                0x00000000000000d0                __UCA1CTL0 = 0xd0
                0x00000000000000d1                __UCA1CTL1 = 0xd1
                0x00000000000000d2                __UCA1BR0 = 0xd2
                0x00000000000000d3                __UCA1BR1 = 0xd3
                0x00000000000000d4                __UCA1MCTL = 0xd4
                0x00000000000000d5                __UCA1STAT = 0xd5
                0x00000000000000d6                __UCA1RXBUF = 0xd6
                0x00000000000000d7                __UCA1TXBUF = 0xd7
                0x00000000000000cd                __UCA1ABCTL = 0xcd
                0x00000000000000ce                __UCA1IRTCTL = 0xce
                0x00000000000000cf                __UCA1IRRCTL = 0xcf
                0x00000000000000d8                __UCB1CTL0 = 0xd8
                0x00000000000000d9                __UCB1CTL1 = 0xd9
                0x00000000000000da                __UCB1BR0 = 0xda
                0x00000000000000db                __UCB1BR1 = 0xdb
                0x00000000000000dc                __UCB1I2CIE = 0xdc
                0x00000000000000dd                __UCB1STAT = 0xdd
                0x00000000000000de                __UCB1RXBUF = 0xde
                0x00000000000000df                __UCB1TXBUF = 0xdf
                0x000000000000017c                __UCB1I2COA = 0x17c
                0x000000000000017e                __UCB1I2CSA = 0x17e
                0x0000000000000120                __WDTCTL = 0x120
                0x00000000000010c0                __TLV_CHECKSUM = 0x10c0
                0x00000000000010f6                __TLV_DCO_30_TAG = 0x10f6
                0x00000000000010f7                __TLV_DCO_30_LEN = 0x10f7
                0x00000000000010da                __TLV_ADC12_1_TAG = 0x10da
                0x00000000000010db                __TLV_ADC12_1_LEN = 0x10db
                0x00000000000010f8                __CALDCO_16MHZ = 0x10f8
                0x00000000000010f9                __CALBC1_16MHZ = 0x10f9
                0x00000000000010fa                __CALDCO_12MHZ = 0x10fa
                0x00000000000010fb                __CALBC1_12MHZ = 0x10fb
                0x00000000000010fc                __CALDCO_8MHZ = 0x10fc
                0x00000000000010fd                __CALBC1_8MHZ = 0x10fd
                0x00000000000010fe                __CALDCO_1MHZ = 0x10fe
                0x00000000000010ff                __CALBC1_1MHZ = 0x10ff

.hash
 *(.hash)

.dynsym
 *(.dynsym)

.dynstr
 *(.dynstr)

.gnu.version
 *(.gnu.version)

.gnu.version_d
 *(.gnu.version_d)

.gnu.version_r
 *(.gnu.version_r)

.rel.init
 *(.rel.init)

.rela.init
 *(.rela.init)

.rel.fini
 *(.rel.fini)

.rela.fini
 *(.rela.fini)

.rel.text
 *(.rel.text .rel.text.* .rel.gnu.linkonce.t.*)

.rela.text
 *(.rela.text .rela.text.* .rela.gnu.linkonce.t.*)

.rel.rodata
 *(.rel.rodata .rel.rodata.* .rel.gnu.linkonce.r.*)

.rela.rodata
 *(.rela.rodata .rela.rodata.* .rela.gnu.linkonce.r.*)

.rel.data
 *(.rel.data .rel.data.* .rel.gnu.linkonce.d.*)

.rela.data
 *(.rela.data .rela.data.* .rela.gnu.linkonce.d.*)

.rel.bss
 *(.rel.bss .rel.bss.* .rel.gnu.linkonce.b.*)

.rela.bss
 *(.rela.bss .rela.bss.* .rela.gnu.linkonce.b.*)

.rel.ctors
 *(.rel.ctors)

.rela.ctors
 *(.rela.ctors)

.rel.dtors
 *(.rel.dtors)

.rela.dtors
 *(.rela.dtors)

.rel.got
 *(.rel.got)

.rela.got
 *(.rela.got)

.rel.plt
 *(.rel.plt)

.rela.plt
 *(.rela.plt)

.text           0x0000000000003100     0x56ba
                0x0000000000003100                . = ALIGN (0x2)
 *(.init .init.*)
 *(.init0)
 .init0         0x0000000000003100        0x0 /usr/lib/gcc/msp430/4.6.3/mcpu-430x/mmpy-16/libcrt0.a(_reset_vector__.o)
                0x0000000000003100                _reset_vector__
 *(.init1)
 .init1         0x0000000000003100        0xc /usr/lib/gcc/msp430/4.6.3/mcpu-430x/mmpy-16/libcrt0.a(__watchdog_support.o)
                0x0000000000003100                __watchdog_support
 *(.init2)
 .init2         0x000000000000310c        0x4 /usr/lib/gcc/msp430/4.6.3/mcpu-430x/mmpy-16/libcrt0.a(__init_stack.o)
                0x000000000000310c                __init_stack
 *(.init3)
 .init3         0x0000000000003110        0x0 /usr/lib/gcc/msp430/4.6.3/mcpu-430x/mmpy-16/libcrt0.a(__low_level_init.o)
                0x0000000000003110                __low_level_init
 *(.init4)
 .init4         0x0000000000003110       0x18 /usr/lib/gcc/msp430/4.6.3/mcpu-430x/mmpy-16/libcrt0.a(_copy_data.o)
                0x0000000000003110                __do_copy_data
 .init4         0x0000000000003128       0x16 /usr/lib/gcc/msp430/4.6.3/mcpu-430x/mmpy-16/libcrt0.a(_clear_bss.o)
                0x0000000000003128                __do_clear_bss
 *(.init5)
 *(.init6)
 *(.init7)
 *(.init8)
 *(.init9)
 .init9         0x000000000000313e       0xde goodfet.o
                0x000000000000313e                main
 *(.fini9)
 .fini9         0x000000000000321c        0x0 /usr/lib/gcc/msp430/4.6.3/mcpu-430x/mmpy-16/libcrt0.a(__stop_progExec__.o)
                0x000000000000321c                __stop_progExec__
 *(.fini8)
 *(.fini7)
 *(.fini6)
 *(.fini5)
 *(.fini4)
 *(.fini3)
 *(.fini2)
 *(.fini1)
 *(.fini0)
 .fini0         0x000000000000321c        0x6 /usr/lib/gcc/msp430/4.6.3/mcpu-430x/mmpy-16/libcrt0.a(_endless_loop__.o)
                0x000000000000321c                _endless_loop__
 *(.fini .fini.*)
                0x0000000000003222                . = ALIGN (0x2)
                0x0000000000003222                __ctors_start = .
 *(.ctors)
                0x0000000000003222                __ctors_end = .
                0x0000000000003222                __dtors_start = .
 *(.dtors)
                0x0000000000003222                __dtors_end = .
                0x0000000000003222                . = ALIGN (0x2)
 *(.text .text.* .gnu.linkonce.t.*)
 .text          0x0000000000003222        0x4 /usr/lib/gcc/msp430/4.6.3/mcpu-430x/mmpy-16/crt0ivtbl32.o
                0x0000000000003222                __isr_14
                0x0000000000003222                __isr_24
                0x0000000000003222                __isr_4
                0x0000000000003222                __isr_19
                0x0000000000003222                __isr_29
                0x0000000000003222                __isr_23
                0x0000000000003222                __isr_11
                0x0000000000003222                __isr_16
                0x0000000000003222                __isr_26
                0x0000000000003222                __isr_5
                0x0000000000003222                __isr_2
                0x0000000000003222                __isr_10
                0x0000000000003222                __isr_7
                0x0000000000003222                __isr_25
                0x0000000000003222                __isr_0
                0x0000000000003222                __isr_28
                0x0000000000003222                __isr_8
                0x0000000000003222                __isr_20
                0x0000000000003222                __isr_3
                0x0000000000003222                __isr_18
                0x0000000000003222                __isr_12
                0x0000000000003222                __isr_13
                0x0000000000003222                __isr_27
                0x0000000000003222                __isr_9
                0x0000000000003222                __isr_30
                0x0000000000003222                __isr_6
                0x0000000000003222                __isr_22
                0x0000000000003222                __isr_1
                0x0000000000003222                __isr_15
                0x0000000000003222                __isr_17
                0x0000000000003222                __isr_21
 .text.crt0     0x0000000000003226        0x0 /usr/lib/gcc/msp430/4.6.3/mcpu-430x/mmpy-16/crt0ivtbl32.o
 .text          0x0000000000003226       0x60 goodfet.o
                0x0000000000003226                init
                0x000000000000322c                handle
 .text          0x0000000000003286      0x172 lib/msp430f2618.o
                0x0000000000003286                serial0_rx
                0x00000000000032a0                serial1_rx
                0x00000000000032a4                serial0_tx
                0x00000000000032ba                serial1_tx
                0x00000000000032bc                setbaud0
                0x0000000000003318                setbaud1
                0x000000000000331a                msp430_init_uart0
                0x000000000000335c                msp430_init_dco_done
                0x0000000000003362                msp430_init_dco
 .text          0x00000000000033f8      0x2ce lib/command.o
                0x00000000000033f8                rxlong
                0x0000000000003444                rxword
                0x000000000000346a                txlong
                0x00000000000034ae                txword
                0x00000000000034c4                txhead
                0x00000000000034de                txdata
                0x0000000000003514                debugbytes
                0x0000000000003542                debughex32
                0x0000000000003558                debughex
                0x000000000000356a                txstring
                0x00000000000035a6                debugstr
                0x00000000000035b2                delay
                0x00000000000035da                msdelay
                0x000000000000361c                prep_timer
                0x0000000000003628                delay_ms
                0x0000000000003664                delay_us
                0x00000000000036a0                delay_ticks
 .text          0x00000000000036c6        0x0 lib/dco_calib.o
 .text          0x00000000000036c6        0x0 lib/apps.o
 .text          0x00000000000036c6       0x80 lib/msp430.o
                0x00000000000036c6                led_init
                0x00000000000036d2                led_on
                0x00000000000036de                led_off
                0x00000000000036ec                led_toggle
                0x00000000000036f8                led2_on
                0x00000000000036fa                led2_off
                0x00000000000036fc                led3_on
                0x00000000000036fe                led3_off
                0x0000000000003700                msp430_init
 .text          0x0000000000003746        0x0 lib/arduino.o
 .text          0x0000000000003746       0x5a apps/jtag/jtag430asm.o
                0x0000000000003746                jtag430_tclk_flashpulses
 .text          0x00000000000037a0      0x260 apps/monitor/monitor.o
                0x00000000000037a0                monitor_ram_pattern
                0x00000000000037c6                monitor_ram_depth
                0x00000000000037e0                fncall
                0x00000000000037e4                monitor_handle_fn
 .text          0x0000000000003a00      0x880 apps/spi/spi.o
                0x0000000000003a00                spisetup
                0x0000000000003a50                spitrans8
                0x0000000000003a9e                spiflash_wrten
                0x0000000000003ac8                spiflash_status
                0x0000000000003af8                spiflash_setstatus
                0x0000000000003b2c                spiflash_setstatusflags
                0x0000000000003b98                spiflash_peekblock
                0x0000000000003c1e                spiflash_pokeblock
                0x0000000000003cae                spiflash_pokeblocks
                0x0000000000003d30                spiflash_peek
                0x0000000000003d94                spiflash_erasesector
                0x0000000000003dfa                em260_wake
                0x0000000000003e44                spi_rw_em260
                0x0000000000003f66                spi_handle_fn
 .text          0x0000000000004280      0x130 apps/usb/maxusb.o
                0x0000000000004280                maxusb_setup
                0x00000000000042f4                maxusb_handle_fn
 .text          0x00000000000043b0      0x904 apps/jtag/jtag.o
                0x00000000000043b0                in_dr
                0x00000000000043ba                in_ir
                0x00000000000043c4                in_run_test_idle
                0x00000000000043cc                in_state
                0x00000000000043d2                jtag_reset_target
                0x00000000000043f4                jtag_tcktock
                0x0000000000004414                jtag_reset_tap
                0x0000000000004454                jtag_setup
                0x0000000000004490                jtag_stop
                0x000000000000449a                jtag_shift_register
                0x00000000000044e4                jtag_capture_ir
                0x0000000000004530                jtag_capture_dr
                0x0000000000004576                jtag_run_test_idle
                0x000000000000467e                jtag_trans_n
                0x0000000000004892                jtag_detect_ir_width
                0x00000000000048f0                jtag_detect_chain_length
                0x00000000000049ba                jtag_get_device_id
                0x0000000000004a34                jtag_trans_8
                0x0000000000004a44                jtag_trans_16
                0x0000000000004a56                jtag_ir_shift_8
                0x0000000000004a90                jtag_dr_shift_16
                0x0000000000004aba                jtag_handle_fn
 .text          0x0000000000004cb4      0x98c apps/jtag/jtag430.o
                0x0000000000004cb4                jtag430_shift_addr
                0x0000000000004cea                jtag430_setr
                0x0000000000004d6e                jtag430_setpc
                0x0000000000004d78                jtag430_haltcpu
                0x0000000000004db0                jtag430_releasecpu
                0x0000000000004dd0                jtag430_readmem
                0x0000000000004e3c                jtag430_writemem
                0x0000000000004e9a                jtag430_writeflashword
                0x0000000000004f0c                jtag430_writeflash
                0x0000000000004f52                jtag430_por
                0x0000000000004fc6                jtag430_eraseflash
                0x0000000000005044                jtag430_resettap
                0x00000000000050c4                jtag430x2_jtagid
                0x00000000000050f4                jtag430x2_start
                0x0000000000005172                jtag430_start
                0x0000000000005200                jtag430_stop
                0x000000000000524a                jtag430_setinstrfetch
                0x0000000000005278                jtag430_handle_fn
 .text          0x0000000000005640      0x4f0 apps/jtag/jtag430x2.o
                0x0000000000005640                jtag430_dr_shift_20
                0x0000000000005676                jtag430_coreid
                0x0000000000005686                jtag430_deviceid
                0x0000000000005698                jtag430x2_writemem
                0x0000000000005758                jtag430x2_readmem
                0x00000000000057f8                jtag430x2_por
                0x000000000000588c                jtag430x2_syncpor
                0x00000000000058ae                jtag430x2_fusecheck
                0x00000000000058d8                jtag430x2_handle_fn
 .text          0x0000000000005b30      0x49a apps/i2c/i2c.o
                0x0000000000005b30                I2C_Take
                0x0000000000005b5a                I2C_Release
                0x0000000000005b74                I2C_Init
                0x0000000000005b82                I2C_Exit
                0x0000000000005b94                I2C_WriteBit
                0x0000000000005bd8                I2C_ReadBit
                0x0000000000005c44                I2C_ReadBit_Wait
                0x0000000000005cd8                I2C_Start
                0x0000000000005d0e                I2C_Stop
                0x0000000000005d4c                I2C_Write
                0x0000000000005d6a                I2C_Read
                0x0000000000005da2                I2C_Scan
                0x0000000000005dd8                i2c_handle_fn
 .text          0x0000000000005fca      0x1a2 apps/owe/owe.o
                0x0000000000005fca                setup
                0x0000000000005fe8                initialize
                0x0000000000006024                sendbit
                0x0000000000006068                sendbyte
                0x0000000000006082                receivebit
                0x00000000000060bc                receivebyte
                0x00000000000060e4                owe_handle_fn
 .text          0x000000000000616c      0xb84 apps/jtag/jtagarm7.o
                0x000000000000616c                jtagarm7tdmi_start
                0x0000000000006180                jtagarm_shift_ir
                0x00000000000061b2                jtagarm7tdmi_scan
                0x00000000000061fc                eice_write
                0x000000000000624e                eice_read
                0x000000000000629a                jtagarm7tdmi_instr_primitive
                0x00000000000062f2                jtagarm7tdmi_nop
                0x000000000000631a                jtagarm7_get_reg_prim
                0x000000000000634c                jtagarm7_set_reg_prim
                0x00000000000063a6                jtagarm7_thumb_swap_reg
                0x0000000000006426                jtagarm7tdmi_get_register
                0x00000000000064da                jtagarm7tdmi_set_register
                0x0000000000006606                jtag_trans_many
                0x0000000000006848                jtagarm_instr_primitive
                0x00000000000068ae                jtagarm7_handle_fn
 .text          0x0000000000006cf0      0x296 apps/jtag/openocd.o
                0x0000000000006d08                openocd_led
                0x0000000000006d18                openocd_reset
                0x0000000000006dfc                openocd_write
                0x0000000000006e52                openocd_stop
                0x0000000000006e5c                openocd_setup
                0x0000000000006e94                openocd_handle_fn
 .text          0x0000000000006f86      0x90e apps/chipcon/chipcon.o
                0x0000000000006f86                ccsetup
                0x0000000000006fa0                ccdebuginit
                0x0000000000007028                cctrans8
                0x0000000000007076                cccmd
                0x00000000000070a2                ccread
                0x00000000000070d6                cc_chip_erase
                0x00000000000070ea                cc_wr_config
                0x0000000000007106                cc_rd_config
                0x0000000000007124                cc_read_status
                0x0000000000007142                cc_get_chip_id
                0x000000000000719a                cc_get_pc
                0x00000000000071b8                cc_set_hw_brkpnt
                0x00000000000071e2                cc_halt
                0x00000000000071f6                cc_resume
                0x000000000000720a                cc_step_instr
                0x000000000000721e                cc_debug_instr
                0x000000000000724a                cc_set_pc
                0x0000000000007276                cc_debug
                0x00000000000072d0                cc_peekcodebyte
                0x0000000000007366                cc_pokedatabyte
                0x000000000000739e                cc_write_xdata
                0x00000000000073c4                cc_write_flash_buffer
                0x00000000000073d2                cc_write_flash_page
                0x0000000000007490                cc_lockchip
                0x00000000000074f2                cc_peekdatabyte
                0x0000000000007516                cc_peekirambyte
                0x000000000000753c                cc_pokeirambyte
                0x0000000000007564                cc_handle_fn
 .text          0x0000000000007894      0x3f4 apps/avr/avr.o
                0x0000000000007894                avrsetup
                0x000000000000789a                avrtrans8
                0x00000000000078fe                avrexchange
                0x0000000000007920                avr_prgen
                0x0000000000007932                avrconnect
                0x0000000000007980                avr_isready
                0x0000000000007990                avr_sig
                0x00000000000079a4                avr_erase
                0x00000000000079b6                avr_lockbits
                0x00000000000079c6                avr_setlock
                0x00000000000079d8                avr_peekeeprom
                0x00000000000079ea                avr_pokeeeprom
                0x00000000000079fc                avr_peekflash
                0x0000000000007a28                avr_bulk_load
                0x0000000000007a68                avr_handle_fn
 .text          0x0000000000007c88      0x3f6 apps/radios/ccspi.o
                0x0000000000007c88                ccspisetup
                0x0000000000007cee                ccspitrans8
                0x0000000000007d3c                ccspireflexjam
                0x0000000000007d56                ccspi_pokeram
                0x0000000000007d9c                ccspi_peekram
                0x0000000000007dec                ccspi_handle_fn
                0x000000000000800a                ccspi_updaterxnonce
                0x000000000000800c                ccspi_regwrite
                0x0000000000008042                ccspi_regread
 .text          0x000000000000807e      0x332 apps/radios/cc2500.o
                0x000000000000807e                cc2500setup
                0x00000000000080e4                cc2500trans8
                0x0000000000008132                cc2500_handle_fn
                0x000000000000832a                cc2500_regwrite
                0x000000000000836c                cc2500_regread
 .text          0x00000000000083b0      0x3d0 apps/radios/nrf.o
                0x00000000000083b0                nrfsetup
                0x0000000000008400                nrftrans8
                0x000000000000844e                nrf_handle_fn
                0x000000000000870e                nrf_regwrite
                0x0000000000008744                nrf_regread
 .text          0x0000000000008780        0x0 /usr/lib/gcc/msp430/4.6.3/mcpu-430x/mmpy-16/libgcc.a(_udivmod32.o)
 .text.libgcc   0x0000000000008780       0x38 /usr/lib/gcc/msp430/4.6.3/mcpu-430x/mmpy-16/libgcc.a(_udivmod32.o)
                0x0000000000008780                __udivsi3
                0x0000000000008780                __ext_udivmod32
                0x00000000000087ae                __umodsi3
 .text          0x00000000000087b8        0x0 /usr/lib/gcc/msp430/4.6.3/mcpu-430x/mmpy-16/libcrt0.a(_reset_vector__.o)
 .text          0x00000000000087b8        0x0 /usr/lib/gcc/msp430/4.6.3/mcpu-430x/mmpy-16/libcrt0.a(__watchdog_support.o)
 .text          0x00000000000087b8        0x0 /usr/lib/gcc/msp430/4.6.3/mcpu-430x/mmpy-16/libcrt0.a(__init_stack.o)
 .text          0x00000000000087b8        0x0 /usr/lib/gcc/msp430/4.6.3/mcpu-430x/mmpy-16/libcrt0.a(__low_level_init.o)
 .text          0x00000000000087b8        0x0 /usr/lib/gcc/msp430/4.6.3/mcpu-430x/mmpy-16/libcrt0.a(_copy_data.o)
 .text          0x00000000000087b8        0x0 /usr/lib/gcc/msp430/4.6.3/mcpu-430x/mmpy-16/libcrt0.a(_clear_bss.o)
 .text          0x00000000000087b8        0x0 /usr/lib/gcc/msp430/4.6.3/mcpu-430x/mmpy-16/libcrt0.a(__stop_progExec__.o)
 .text          0x00000000000087b8        0x0 /usr/lib/gcc/msp430/4.6.3/mcpu-430x/mmpy-16/libcrt0.a(_endless_loop__.o)
 .text          0x00000000000087b8        0x0 /usr/lib/gcc/msp430/4.6.3/mcpu-430x/mmpy-16/libcrt0.a(_unexpected_.o)
 .text.crt0     0x00000000000087b8        0x2 /usr/lib/gcc/msp430/4.6.3/mcpu-430x/mmpy-16/libcrt0.a(_unexpected_.o)
                0x00000000000087b8                _unexpected_
                0x00000000000087ba                . = ALIGN (0x2)

.rodata         0x00000000000087ba     0x101e
                0x00000000000087ba                . = ALIGN (0x2)
 *(.rodata .rodata.* .gnu.linkonce.r.*)
 .rodata        0x00000000000087ba       0x66 goodfet.o
 .rodata        0x0000000000008820       0x3a lib/dco_calib.o
                0x0000000000008820                dco_calibrations
 .rodata        0x000000000000885a       0x20 lib/apps.o
                0x000000000000885a                num_apps
                0x000000000000885c                apps
 .rodata        0x000000000000887a       0xf0 apps/monitor/monitor.o
                0x0000000000008960                monitor_app
                0x0000000000008968                build_date
 .rodata        0x000000000000896a       0x84 apps/spi/spi.o
                0x00000000000089e6                spi_app
 .rodata        0x00000000000089ee       0xd2 apps/usb/maxusb.o
                0x0000000000008ab8                maxusb_app
 .rodata        0x0000000000008ac0      0x16c apps/jtag/jtag.o
                0x0000000000008c24                jtag_app
 .rodata        0x0000000000008c2c      0x106 apps/jtag/jtag430.o
                0x0000000000008d2a                jtag430_app
 .rodata        0x0000000000008d32      0x11e apps/jtag/jtag430x2.o
                0x0000000000008e48                jtag430x2_app
 .rodata        0x0000000000008e50       0x70 apps/i2c/i2c.o
                0x0000000000008eb8                i2c_app
 .rodata        0x0000000000008ec0       0x84 apps/owe/owe.o
                0x0000000000008f3c                owe_app
 .rodata        0x0000000000008f44      0x1ba apps/jtag/jtagarm7.o
                0x00000000000090f6                jtagarm7_app
 .rodata        0x00000000000090fe       0x48 apps/jtag/openocd.o
                0x000000000000913e                openocd_app
 .rodata        0x0000000000009146      0x2bc apps/chipcon/chipcon.o
                0x000000000000937e                flash_routine
                0x00000000000093fa                chipcon_app
 .rodata        0x0000000000009402       0x80 apps/avr/avr.o
                0x000000000000947a                avr_app
 .rodata        0x0000000000009482      0x240 apps/radios/ccspi.o
                0x00000000000096ba                ccspi_app
 .rodata        0x00000000000096c2       0xb6 apps/radios/cc2500.o
                0x0000000000009770                cc2500_app
 .rodata        0x0000000000009778       0x60 apps/radios/nrf.o
                0x00000000000097d0                nrf_app
                0x00000000000097d8                . = ALIGN (0x2)
                0x00000000000097d8                _etext = .

.data           0x0000000000001100        0xe load address 0x00000000000097d8
                0x0000000000001100                . = ALIGN (0x2)
                0x0000000000001100                PROVIDE (__data_start, .)
 *(.data .data.* .gnu.linkonce.d.*)
 .data          0x0000000000001100        0x0 /usr/lib/gcc/msp430/4.6.3/mcpu-430x/mmpy-16/crt0ivtbl32.o
 .data          0x0000000000001100        0x0 goodfet.o
 .data          0x0000000000001100        0x0 lib/msp430f2618.o
 .data          0x0000000000001100        0x0 lib/command.o
 .data          0x0000000000001100        0x0 lib/dco_calib.o
 .data          0x0000000000001100        0x0 lib/apps.o
 .data          0x0000000000001100        0x0 lib/msp430.o
 .data          0x0000000000001100        0x0 lib/arduino.o
 .data          0x0000000000001100        0x0 apps/jtag/jtag430asm.o
 .data          0x0000000000001100        0x0 apps/monitor/monitor.o
 .data          0x0000000000001100        0x0 apps/spi/spi.o
 .data          0x0000000000001100        0x0 apps/usb/maxusb.o
 .data          0x0000000000001100        0x0 apps/jtag/jtag.o
 .data          0x0000000000001100        0x4 apps/jtag/jtag430.o
                0x0000000000001100                drwidth
                0x0000000000001102                jtag430mode
 .data          0x0000000000001104        0x0 apps/jtag/jtag430x2.o
 .data          0x0000000000001104        0x0 apps/i2c/i2c.o
 .data          0x0000000000001104        0x0 apps/owe/owe.o
 .data          0x0000000000001104        0xa apps/jtag/jtagarm7.o
                0x0000000000001104                g_jtagarm_scan_n_bitsize
                0x0000000000001105                g_jtag_ir_size
                0x0000000000001106                current_dbgstate
                0x0000000000001107                last_scanchain
                0x0000000000001108                last_ir
                0x000000000000110a                last_instr
 .data          0x000000000000110e        0x0 apps/jtag/openocd.o
 .data          0x000000000000110e        0x0 apps/chipcon/chipcon.o
 .data          0x000000000000110e        0x0 apps/avr/avr.o
 .data          0x000000000000110e        0x0 apps/radios/ccspi.o
 .data          0x000000000000110e        0x0 apps/radios/cc2500.o
 .data          0x000000000000110e        0x0 apps/radios/nrf.o
 .data          0x000000000000110e        0x0 /usr/lib/gcc/msp430/4.6.3/mcpu-430x/mmpy-16/libgcc.a(_udivmod32.o)
 .data          0x000000000000110e        0x0 /usr/lib/gcc/msp430/4.6.3/mcpu-430x/mmpy-16/libcrt0.a(_reset_vector__.o)
 .data          0x000000000000110e        0x0 /usr/lib/gcc/msp430/4.6.3/mcpu-430x/mmpy-16/libcrt0.a(__watchdog_support.o)
 .data          0x000000000000110e        0x0 /usr/lib/gcc/msp430/4.6.3/mcpu-430x/mmpy-16/libcrt0.a(__init_stack.o)
 .data          0x000000000000110e        0x0 /usr/lib/gcc/msp430/4.6.3/mcpu-430x/mmpy-16/libcrt0.a(__low_level_init.o)
 .data          0x000000000000110e        0x0 /usr/lib/gcc/msp430/4.6.3/mcpu-430x/mmpy-16/libcrt0.a(_copy_data.o)
 .data          0x000000000000110e        0x0 /usr/lib/gcc/msp430/4.6.3/mcpu-430x/mmpy-16/libcrt0.a(_clear_bss.o)
 .data          0x000000000000110e        0x0 /usr/lib/gcc/msp430/4.6.3/mcpu-430x/mmpy-16/libcrt0.a(__stop_progExec__.o)
 .data          0x000000000000110e        0x0 /usr/lib/gcc/msp430/4.6.3/mcpu-430x/mmpy-16/libcrt0.a(_endless_loop__.o)
 .data          0x000000000000110e        0x0 /usr/lib/gcc/msp430/4.6.3/mcpu-430x/mmpy-16/libcrt0.a(_unexpected_.o)
                0x000000000000110e                . = ALIGN (0x2)
                0x000000000000110e                _edata = .
                0x00000000000097d8                PROVIDE (__data_load_start, LOADADDR (.data))
                0x000000000000000e                PROVIDE (__data_size, SIZEOF (.data))

.bss            0x000000000000110e      0x210 load address 0x00000000000097e6
                0x000000000000110e                PROVIDE (__bss_start, .)
 *(.bss .bss.*)
 .bss           0x000000000000110e        0x0 /usr/lib/gcc/msp430/4.6.3/mcpu-430x/mmpy-16/crt0ivtbl32.o
 .bss           0x000000000000110e        0x0 goodfet.o
 .bss           0x000000000000110e        0x0 lib/msp430f2618.o
 .bss           0x000000000000110e        0x2 lib/command.o
                0x000000000000110e                silent
 .bss           0x0000000000001110        0x0 lib/dco_calib.o
 .bss           0x0000000000001110        0x0 lib/apps.o
 .bss           0x0000000000001110        0x0 lib/msp430.o
 .bss           0x0000000000001110        0x0 lib/arduino.o
 .bss           0x0000000000001110        0x0 apps/jtag/jtag430asm.o
 .bss           0x0000000000001110        0x0 apps/monitor/monitor.o
 .bss           0x0000000000001110        0x0 apps/spi/spi.o
 .bss           0x0000000000001110        0x0 apps/usb/maxusb.o
 .bss           0x0000000000001110        0x4 apps/jtag/jtag.o
                0x0000000000001110                jtag_state
                0x0000000000001112                jtagid
 .bss           0x0000000000001114        0x0 apps/jtag/jtag430.o
 .bss           0x0000000000001114        0x0 apps/jtag/jtag430x2.o
 .bss           0x0000000000001114        0x0 apps/i2c/i2c.o
 .bss           0x0000000000001114        0x0 apps/owe/owe.o
 .bss           0x0000000000001114        0x2 apps/jtag/jtagarm7.o
                0x0000000000001114                last_sysstate
 .bss           0x0000000000001116        0x0 apps/jtag/openocd.o
 .bss           0x0000000000001116        0x2 apps/chipcon/chipcon.o
                0x0000000000001116                flash_word_size
 .bss           0x0000000000001118        0x0 apps/avr/avr.o
 .bss           0x0000000000001118        0x0 apps/radios/ccspi.o
 .bss           0x0000000000001118        0x0 apps/radios/cc2500.o
 .bss           0x0000000000001118        0x0 apps/radios/nrf.o
 .bss           0x0000000000001118        0x0 /usr/lib/gcc/msp430/4.6.3/mcpu-430x/mmpy-16/libgcc.a(_udivmod32.o)
 .bss           0x0000000000001118        0x0 /usr/lib/gcc/msp430/4.6.3/mcpu-430x/mmpy-16/libcrt0.a(_reset_vector__.o)
 .bss           0x0000000000001118        0x0 /usr/lib/gcc/msp430/4.6.3/mcpu-430x/mmpy-16/libcrt0.a(__watchdog_support.o)
 .bss           0x0000000000001118        0x0 /usr/lib/gcc/msp430/4.6.3/mcpu-430x/mmpy-16/libcrt0.a(__init_stack.o)
 .bss           0x0000000000001118        0x0 /usr/lib/gcc/msp430/4.6.3/mcpu-430x/mmpy-16/libcrt0.a(__low_level_init.o)
 .bss           0x0000000000001118        0x0 /usr/lib/gcc/msp430/4.6.3/mcpu-430x/mmpy-16/libcrt0.a(_copy_data.o)
 .bss           0x0000000000001118        0x0 /usr/lib/gcc/msp430/4.6.3/mcpu-430x/mmpy-16/libcrt0.a(_clear_bss.o)
 .bss           0x0000000000001118        0x0 /usr/lib/gcc/msp430/4.6.3/mcpu-430x/mmpy-16/libcrt0.a(__stop_progExec__.o)
 .bss           0x0000000000001118        0x0 /usr/lib/gcc/msp430/4.6.3/mcpu-430x/mmpy-16/libcrt0.a(_endless_loop__.o)
 .bss           0x0000000000001118        0x0 /usr/lib/gcc/msp430/4.6.3/mcpu-430x/mmpy-16/libcrt0.a(_unexpected_.o)
 *(COMMON)
 COMMON         0x0000000000001118        0x0 lib/msp430f2618.o
 COMMON         0x0000000000001118      0x204 lib/command.o
                0x0000000000001118                cmddata
 COMMON         0x000000000000131c        0x2 apps/jtag/jtag.o
                0x000000000000131c                savedtclk
                0x000000000000131e                . = ALIGN (0x2)
                0x000000000000131e                PROVIDE (__bss_end, .)
                0x0000000000000210                PROVIDE (__bss_size, SIZEOF (.bss))

.noinit         0x000000000000131e        0x4 load address 0x00000000000097e6
                0x000000000000131e                PROVIDE (__noinit_start, .)
 *(.noinit .noinit.*)
 .noinit        0x000000000000131e        0x1 lib/msp430f2618.o
                0x000000000000131e                dcochoice
 *fill*         0x000000000000131f        0x1 00
 .noinit.crt0   0x0000000000001320        0x2 /usr/lib/gcc/msp430/4.6.3/mcpu-430x/mmpy-16/libcrt0.a(__watchdog_support.o)
                0x0000000000001320                __wdt_clear_value
                0x0000000000001322                . = ALIGN (0x2)
                0x0000000000001322                PROVIDE (__noinit_end, .)
                0x0000000000001322                . = ALIGN (0x2)
                0x0000000000001322                _end = .

.infomem        0x0000000000001000        0x0
 *(.infomem)
                0x0000000000001000                . = ALIGN (0x2)
 *(.infomem.*)

.infomemnobits  0x0000000000001000        0x0
 *(.infomemnobits)
                0x0000000000001000                . = ALIGN (0x2)
 *(.infomemnobits.*)

.infoa
 *(.infoa .infoa.*)

.infob
 *(.infob .infob.*)

.infoc
 *(.infoc .infoc.*)

.infod
 *(.infod .infod.*)

.vectors        0x000000000000ffc0       0x40
                0x000000000000ffc0                PROVIDE (__vectors_start, .)
 *(.vectors*)
 .vectors       0x000000000000ffc0       0x40 /usr/lib/gcc/msp430/4.6.3/mcpu-430x/mmpy-16/crt0ivtbl32.o
                0x000000000000ffc0                __ivtbl_32
                0x0000000000010000                _vectors_end = .

.fartext        0x0000000000010000        0x0
                0x0000000000010000                . = ALIGN (0x2)
 *(.fartext)
                0x0000000000010000                . = ALIGN (0x2)
 *(.fartext.*)
                0x0000000000010000                _efartext = .

.profiler
 *(.profiler)

.stab
 *(.stab)

.stabstr
 *(.stabstr)

.stab.excl
 *(.stab.excl)

.stab.exclstr
 *(.stab.exclstr)

.stab.index
 *(.stab.index)

.stab.indexstr
 *(.stab.indexstr)

.comment
 *(.comment)

.debug
 *(.debug)

.line
 *(.line)

.debug_srcinfo
 *(.debug_srcinfo)

.debug_sfnames
 *(.debug_sfnames)

.debug_aranges  0x0000000000000000      0x220
 *(.debug_aranges)
 .debug_aranges
                0x0000000000000000       0x18 goodfet.o
 .debug_aranges
                0x0000000000000018       0x14 lib/msp430f2618.o
 .debug_aranges
                0x000000000000002c       0x14 lib/command.o
 .debug_aranges
                0x0000000000000040       0x14 lib/msp430.o
 .debug_aranges
                0x0000000000000054       0x14 apps/jtag/jtag430asm.o
 .debug_aranges
                0x0000000000000068       0x14 apps/monitor/monitor.o
 .debug_aranges
                0x000000000000007c       0x14 apps/spi/spi.o
 .debug_aranges
                0x0000000000000090       0x14 apps/usb/maxusb.o
 .debug_aranges
                0x00000000000000a4       0x14 apps/jtag/jtag.o
 .debug_aranges
                0x00000000000000b8       0x14 apps/jtag/jtag430.o
 .debug_aranges
                0x00000000000000cc       0x14 apps/jtag/jtag430x2.o
 .debug_aranges
                0x00000000000000e0       0x14 apps/i2c/i2c.o
 .debug_aranges
                0x00000000000000f4       0x14 apps/owe/owe.o
 .debug_aranges
                0x0000000000000108       0x14 apps/jtag/jtagarm7.o
 .debug_aranges
                0x000000000000011c       0x14 apps/jtag/openocd.o
 .debug_aranges
                0x0000000000000130       0x14 apps/chipcon/chipcon.o
 .debug_aranges
                0x0000000000000144       0x14 apps/avr/avr.o
 .debug_aranges
                0x0000000000000158       0x14 apps/radios/ccspi.o
 .debug_aranges
                0x000000000000016c       0x14 apps/radios/cc2500.o
 .debug_aranges
                0x0000000000000180       0x14 apps/radios/nrf.o
 .debug_aranges
                0x0000000000000194       0x14 /usr/lib/gcc/msp430/4.6.3/mcpu-430x/mmpy-16/libgcc.a(_udivmod32.o)
 .debug_aranges
                0x00000000000001a8       0x14 /usr/lib/gcc/msp430/4.6.3/mcpu-430x/mmpy-16/libcrt0.a(__watchdog_support.o)
 .debug_aranges
                0x00000000000001bc       0x14 /usr/lib/gcc/msp430/4.6.3/mcpu-430x/mmpy-16/libcrt0.a(__init_stack.o)
 .debug_aranges
                0x00000000000001d0       0x14 /usr/lib/gcc/msp430/4.6.3/mcpu-430x/mmpy-16/libcrt0.a(_copy_data.o)
 .debug_aranges
                0x00000000000001e4       0x14 /usr/lib/gcc/msp430/4.6.3/mcpu-430x/mmpy-16/libcrt0.a(_clear_bss.o)
 .debug_aranges
                0x00000000000001f8       0x14 /usr/lib/gcc/msp430/4.6.3/mcpu-430x/mmpy-16/libcrt0.a(_endless_loop__.o)
 .debug_aranges
                0x000000000000020c       0x14 /usr/lib/gcc/msp430/4.6.3/mcpu-430x/mmpy-16/libcrt0.a(_unexpected_.o)

.debug_pubnames
 *(.debug_pubnames)

.debug_info     0x0000000000000000     0x4f40
 *(.debug_info)
 .debug_info    0x0000000000000000      0x251 goodfet.o
 .debug_info    0x0000000000000251      0x2b7 lib/msp430f2618.o
 .debug_info    0x0000000000000508      0x3ed lib/command.o
 .debug_info    0x00000000000008f5       0x55 lib/dco_calib.o
 .debug_info    0x000000000000094a      0x210 lib/apps.o
 .debug_info    0x0000000000000b5a      0x1a5 lib/msp430.o
 .debug_info    0x0000000000000cff       0x5a lib/arduino.o
 .debug_info    0x0000000000000d59       0x6b apps/jtag/jtag430asm.o
 .debug_info    0x0000000000000dc4      0x285 apps/monitor/monitor.o
 .debug_info    0x0000000000001049      0x511 apps/spi/spi.o
 .debug_info    0x000000000000155a      0x1fe apps/usb/maxusb.o
 .debug_info    0x0000000000001758      0x606 apps/jtag/jtag.o
 .debug_info    0x0000000000001d5e      0x4b5 apps/jtag/jtag430.o
 .debug_info    0x0000000000002213      0x34f apps/jtag/jtag430x2.o
 .debug_info    0x0000000000002562      0x398 apps/i2c/i2c.o
 .debug_info    0x00000000000028fa      0x2c8 apps/owe/owe.o
 .debug_info    0x0000000000002bc2      0x6f6 apps/jtag/jtagarm7.o
 .debug_info    0x00000000000032b8      0x2f6 apps/jtag/openocd.o
 .debug_info    0x00000000000035ae      0x6cd apps/chipcon/chipcon.o
 .debug_info    0x0000000000003c7b      0x40a apps/avr/avr.o
 .debug_info    0x0000000000004085      0x3c7 apps/radios/ccspi.o
 .debug_info    0x000000000000444c      0x2eb apps/radios/cc2500.o
 .debug_info    0x0000000000004737      0x2d9 apps/radios/nrf.o
 .debug_info    0x0000000000004a10       0xe0 /usr/lib/gcc/msp430/4.6.3/mcpu-430x/mmpy-16/libgcc.a(_udivmod32.o)
 .debug_info    0x0000000000004af0       0xb8 /usr/lib/gcc/msp430/4.6.3/mcpu-430x/mmpy-16/libcrt0.a(__watchdog_support.o)
 .debug_info    0x0000000000004ba8       0xb8 /usr/lib/gcc/msp430/4.6.3/mcpu-430x/mmpy-16/libcrt0.a(__init_stack.o)
 .debug_info    0x0000000000004c60       0xb8 /usr/lib/gcc/msp430/4.6.3/mcpu-430x/mmpy-16/libcrt0.a(_copy_data.o)
 .debug_info    0x0000000000004d18       0xb8 /usr/lib/gcc/msp430/4.6.3/mcpu-430x/mmpy-16/libcrt0.a(_clear_bss.o)
 .debug_info    0x0000000000004dd0       0xb8 /usr/lib/gcc/msp430/4.6.3/mcpu-430x/mmpy-16/libcrt0.a(_endless_loop__.o)
 .debug_info    0x0000000000004e88       0xb8 /usr/lib/gcc/msp430/4.6.3/mcpu-430x/mmpy-16/libcrt0.a(_unexpected_.o)
 *(.gnu.linkonce.wi.*)

.debug_abbrev   0x0000000000000000     0x1edb
 *(.debug_abbrev)
 .debug_abbrev  0x0000000000000000      0x14a goodfet.o
 .debug_abbrev  0x000000000000014a      0x131 lib/msp430f2618.o
 .debug_abbrev  0x000000000000027b      0x14d lib/command.o
 .debug_abbrev  0x00000000000003c8       0x49 lib/dco_calib.o
 .debug_abbrev  0x0000000000000411       0xb8 lib/apps.o
 .debug_abbrev  0x00000000000004c9       0x6c lib/msp430.o
 .debug_abbrev  0x0000000000000535       0x2a lib/arduino.o
 .debug_abbrev  0x000000000000055f       0x14 apps/jtag/jtag430asm.o
 .debug_abbrev  0x0000000000000573      0x163 apps/monitor/monitor.o
 .debug_abbrev  0x00000000000006d6      0x1e9 apps/spi/spi.o
 .debug_abbrev  0x00000000000008bf      0x12a apps/usb/maxusb.o
 .debug_abbrev  0x00000000000009e9      0x206 apps/jtag/jtag.o
 .debug_abbrev  0x0000000000000bef      0x218 apps/jtag/jtag430.o
 .debug_abbrev  0x0000000000000e07      0x1a3 apps/jtag/jtag430x2.o
 .debug_abbrev  0x0000000000000faa      0x198 apps/i2c/i2c.o
 .debug_abbrev  0x0000000000001142      0x141 apps/owe/owe.o
 .debug_abbrev  0x0000000000001283      0x218 apps/jtag/jtagarm7.o
 .debug_abbrev  0x000000000000149b      0x170 apps/jtag/openocd.o
 .debug_abbrev  0x000000000000160b      0x25f apps/chipcon/chipcon.o
 .debug_abbrev  0x000000000000186a      0x191 apps/avr/avr.o
 .debug_abbrev  0x00000000000019fb      0x18f apps/radios/ccspi.o
 .debug_abbrev  0x0000000000001b8a      0x169 apps/radios/cc2500.o
 .debug_abbrev  0x0000000000001cf3      0x15c apps/radios/nrf.o
 .debug_abbrev  0x0000000000001e4f       0x14 /usr/lib/gcc/msp430/4.6.3/mcpu-430x/mmpy-16/libgcc.a(_udivmod32.o)
 .debug_abbrev  0x0000000000001e63       0x14 /usr/lib/gcc/msp430/4.6.3/mcpu-430x/mmpy-16/libcrt0.a(__watchdog_support.o)
 .debug_abbrev  0x0000000000001e77       0x14 /usr/lib/gcc/msp430/4.6.3/mcpu-430x/mmpy-16/libcrt0.a(__init_stack.o)
 .debug_abbrev  0x0000000000001e8b       0x14 /usr/lib/gcc/msp430/4.6.3/mcpu-430x/mmpy-16/libcrt0.a(_copy_data.o)
 .debug_abbrev  0x0000000000001e9f       0x14 /usr/lib/gcc/msp430/4.6.3/mcpu-430x/mmpy-16/libcrt0.a(_clear_bss.o)
 .debug_abbrev  0x0000000000001eb3       0x14 /usr/lib/gcc/msp430/4.6.3/mcpu-430x/mmpy-16/libcrt0.a(_endless_loop__.o)
 .debug_abbrev  0x0000000000001ec7       0x14 /usr/lib/gcc/msp430/4.6.3/mcpu-430x/mmpy-16/libcrt0.a(_unexpected_.o)

.debug_line     0x0000000000000000     0x215d
 *(.debug_line)
 .debug_line    0x0000000000000000       0xec goodfet.o
 .debug_line    0x00000000000000ec       0xf6 lib/msp430f2618.o
 .debug_line    0x00000000000001e2      0x129 lib/command.o
 .debug_line    0x000000000000030b       0x30 lib/dco_calib.o
 .debug_line    0x000000000000033b      0x128 lib/apps.o
 .debug_line    0x0000000000000463       0xa5 lib/msp430.o
 .debug_line    0x0000000000000508       0x1d lib/arduino.o
 .debug_line    0x0000000000000525       0x68 apps/jtag/jtag430asm.o
 .debug_line    0x000000000000058d      0x117 apps/monitor/monitor.o
 .debug_line    0x00000000000006a4      0x217 apps/spi/spi.o
 .debug_line    0x00000000000008bb       0xd6 apps/usb/maxusb.o
 .debug_line    0x0000000000000991      0x251 apps/jtag/jtag.o
 .debug_line    0x0000000000000be2      0x214 apps/jtag/jtag430.o
 .debug_line    0x0000000000000df6      0x1ba apps/jtag/jtag430x2.o
 .debug_line    0x0000000000000fb0      0x190 apps/i2c/i2c.o
 .debug_line    0x0000000000001140       0xfe apps/owe/owe.o
 .debug_line    0x000000000000123e      0x279 apps/jtag/jtagarm7.o
 .debug_line    0x00000000000014b7      0x116 apps/jtag/openocd.o
 .debug_line    0x00000000000015cd      0x287 apps/chipcon/chipcon.o
 .debug_line    0x0000000000001854      0x17a apps/avr/avr.o
 .debug_line    0x00000000000019ce      0x157 apps/radios/ccspi.o
 .debug_line    0x0000000000001b25      0x12b apps/radios/cc2500.o
 .debug_line    0x0000000000001c50      0x14b apps/radios/nrf.o
 .debug_line    0x0000000000001d9b       0xa7 /usr/lib/gcc/msp430/4.6.3/mcpu-430x/mmpy-16/libgcc.a(_udivmod32.o)
 .debug_line    0x0000000000001e42       0x84 /usr/lib/gcc/msp430/4.6.3/mcpu-430x/mmpy-16/libcrt0.a(__watchdog_support.o)
 .debug_line    0x0000000000001ec6       0x82 /usr/lib/gcc/msp430/4.6.3/mcpu-430x/mmpy-16/libcrt0.a(__init_stack.o)
 .debug_line    0x0000000000001f48       0x88 /usr/lib/gcc/msp430/4.6.3/mcpu-430x/mmpy-16/libcrt0.a(_copy_data.o)
 .debug_line    0x0000000000001fd0       0x88 /usr/lib/gcc/msp430/4.6.3/mcpu-430x/mmpy-16/libcrt0.a(_clear_bss.o)
 .debug_line    0x0000000000002058       0x83 /usr/lib/gcc/msp430/4.6.3/mcpu-430x/mmpy-16/libcrt0.a(_endless_loop__.o)
 .debug_line    0x00000000000020db       0x82 /usr/lib/gcc/msp430/4.6.3/mcpu-430x/mmpy-16/libcrt0.a(_unexpected_.o)

.debug_frame    0x0000000000000000      0xf96
 *(.debug_frame)
 .debug_frame   0x0000000000000000       0x46 goodfet.o
 .debug_frame   0x0000000000000046       0x8c lib/msp430f2618.o
 .debug_frame   0x00000000000000d2      0x13c lib/command.o
 .debug_frame   0x000000000000020e       0x7e lib/msp430.o
 .debug_frame   0x000000000000028c       0x50 apps/monitor/monitor.o
 .debug_frame   0x00000000000002dc      0x130 apps/spi/spi.o
 .debug_frame   0x000000000000040c       0x3c apps/usb/maxusb.o
 .debug_frame   0x0000000000000448      0x168 apps/jtag/jtag.o
 .debug_frame   0x00000000000005b0      0x13a apps/jtag/jtag430.o
 .debug_frame   0x00000000000006ea       0xae apps/jtag/jtag430x2.o
 .debug_frame   0x0000000000000798       0xea apps/i2c/i2c.o
 .debug_frame   0x0000000000000882       0x8e apps/owe/owe.o
 .debug_frame   0x0000000000000910      0x186 apps/jtag/jtagarm7.o
 .debug_frame   0x0000000000000a96       0x6c apps/jtag/openocd.o
 .debug_frame   0x0000000000000b02      0x1fa apps/chipcon/chipcon.o
 .debug_frame   0x0000000000000cfc       0xf8 apps/avr/avr.o
 .debug_frame   0x0000000000000df4       0xba apps/radios/ccspi.o
 .debug_frame   0x0000000000000eae       0x74 apps/radios/cc2500.o
 .debug_frame   0x0000000000000f22       0x74 apps/radios/nrf.o

.debug_str      0x0000000000000000     0x1238
 *(.debug_str)
 .debug_str     0x0000000000000000      0x10d goodfet.o
                                        0x15a (size before relaxing)
 .debug_str     0x000000000000010d      0x144 lib/msp430f2618.o
                                        0x294 (size before relaxing)
 .debug_str     0x0000000000000251       0xd5 lib/command.o
                                        0x1da (size before relaxing)
 .debug_str     0x0000000000000326       0x10 lib/dco_calib.o
                                         0x98 (size before relaxing)
 .debug_str     0x0000000000000336       0x9f lib/apps.o
                                        0x1bd (size before relaxing)
 .debug_str     0x00000000000003d5       0xc7 lib/msp430.o
                                        0x1ed (size before relaxing)
 .debug_str     0x000000000000049c        0xe lib/arduino.o
                                         0xda (size before relaxing)
 .debug_str     0x00000000000004aa       0x68 apps/monitor/monitor.o
                                        0x1a4 (size before relaxing)
 .debug_str     0x0000000000000512      0x11f apps/spi/spi.o
                                        0x2a0 (size before relaxing)
 .debug_str     0x0000000000000631       0x30 apps/usb/maxusb.o
                                        0x196 (size before relaxing)
 .debug_str     0x0000000000000661      0x26f apps/jtag/jtag.o
                                        0x429 (size before relaxing)
 .debug_str     0x00000000000008d0      0x15d apps/jtag/jtag430.o
                                        0x2fd (size before relaxing)
 .debug_str     0x0000000000000a2d       0xb7 apps/jtag/jtag430x2.o
                                        0x23f (size before relaxing)
 .debug_str     0x0000000000000ae4       0xad apps/i2c/i2c.o
                                        0x1fd (size before relaxing)
 .debug_str     0x0000000000000b91       0x60 apps/owe/owe.o
                                        0x1b7 (size before relaxing)
 .debug_str     0x0000000000000bf1      0x1d5 apps/jtag/jtagarm7.o
                                        0x45b (size before relaxing)
 .debug_str     0x0000000000000dc6       0xae apps/jtag/openocd.o
                                        0x22f (size before relaxing)
 .debug_str     0x0000000000000e74      0x1bb apps/chipcon/chipcon.o
                                        0x32e (size before relaxing)
 .debug_str     0x000000000000102f       0xc2 apps/avr/avr.o
                                        0x20e (size before relaxing)
 .debug_str     0x00000000000010f1       0x97 apps/radios/ccspi.o
                                        0x222 (size before relaxing)
 .debug_str     0x0000000000001188       0x64 apps/radios/cc2500.o
                                        0x1e0 (size before relaxing)
 .debug_str     0x00000000000011ec       0x4c apps/radios/nrf.o
                                        0x1b2 (size before relaxing)

.debug_loc      0x0000000000000000     0x2ecc
 *(.debug_loc)
 .debug_loc     0x0000000000000000      0x103 goodfet.o
 .debug_loc     0x0000000000000103       0x45 lib/msp430f2618.o
 .debug_loc     0x0000000000000148      0x30e lib/command.o
 .debug_loc     0x0000000000000456      0x161 apps/monitor/monitor.o
 .debug_loc     0x00000000000005b7      0x4b9 apps/spi/spi.o
 .debug_loc     0x0000000000000a70       0x88 apps/usb/maxusb.o
 .debug_loc     0x0000000000000af8      0x408 apps/jtag/jtag.o
 .debug_loc     0x0000000000000f00      0x299 apps/jtag/jtag430.o
 .debug_loc     0x0000000000001199      0x25a apps/jtag/jtag430x2.o
 .debug_loc     0x00000000000013f3      0x274 apps/i2c/i2c.o
 .debug_loc     0x0000000000001667      0x16d apps/owe/owe.o
 .debug_loc     0x00000000000017d4      0x752 apps/jtag/jtagarm7.o
 .debug_loc     0x0000000000001f26      0x12e apps/jtag/openocd.o
 .debug_loc     0x0000000000002054      0x5b2 apps/chipcon/chipcon.o
 .debug_loc     0x0000000000002606      0x306 apps/avr/avr.o
 .debug_loc     0x000000000000290c      0x2b2 apps/radios/ccspi.o
 .debug_loc     0x0000000000002bbe      0x169 apps/radios/cc2500.o
 .debug_loc     0x0000000000002d27      0x1a5 apps/radios/nrf.o

.debug_macinfo
 *(.debug_macinfo)

.debug_pubtypes
 *(.debug_pubtypes)

.debug_ranges   0x0000000000000000        0xc
 *(.debug_ranges)
 .debug_ranges  0x0000000000000000        0xc goodfet.o
                0x0000000000003100                PROVIDE (__stack, (ORIGIN (ram) + 0x2000))
                0x00000000000097d8                PROVIDE (__data_start_rom, _etext)
                0x00000000000097e6                PROVIDE (__data_end_rom, (_etext + SIZEOF (.data)))
OUTPUT(goodfet elf32-msp430)
