Archive member included because of file (symbol)

contiki-sky.a(httpd-cfs.o)    obj_sky/webserver-nogui.o (httpd_appcall)
contiki-sky.a(urlconv.o)      contiki-sky.a(httpd-cfs.o) (urlconv_init)
contiki-sky.a(serial-shell.o)
                              sky-shell-webserver.co (serial_shell_init)
contiki-sky.a(shell.o)        contiki-sky.a(serial-shell.o) (shell_input)
contiki-sky.a(shell-text.o)   sky-shell-webserver.co (shell_text_init)
contiki-sky.a(shell-file.o)   sky-shell-webserver.co (shell_file_init)
contiki-sky.a(shell-wget.o)   sky-shell-webserver.co (shell_wget_init)
contiki-sky.a(webclient.o)    contiki-sky.a(shell-wget.o) (webclient_get)
contiki-sky.a(http-user-agent)
                              contiki-sky.a(webclient.o) (http_user_agent_fields)
contiki-sky.a(contiki-sky-pla)
                              obj_sky/contiki-sky-main.o (init_platform)
contiki-sky.a(button-sensor.o)
                              contiki-sky.a(contiki-sky-pla) (button_sensor)
contiki-sky.a(ds2411.o)       obj_sky/contiki-sky-main.o (ds2411_init)
contiki-sky.a(xmem.o)         obj_sky/contiki-sky-main.o (xmem_init)
contiki-sky.a(node-id.o)      obj_sky/contiki-sky-main.o (node_id_restore)
contiki-sky.a(sensors.o)      contiki-sky.a(button-sensor.o) (sensors_changed)
contiki-sky.a(cfs-coffee.o)   contiki-sky.a(httpd-cfs.o) (cfs_open)
contiki-sky.a(cc2420.o)       obj_sky/contiki-sky-main.o (cc2420_set_pan_addr)
contiki-sky.a(cc2420-arch.o)  contiki-sky.a(cc2420.o) (cc2420_arch_init)
contiki-sky.a(uart1.o)        obj_sky/contiki-sky-main.o (uart1_active)
contiki-sky.a(slip_uart1.o)   obj_sky/contiki-sky-main.o (putchar)
contiki-sky.a(slip.o)         obj_sky/contiki-sky-main.o (slip_set_input_callback)
contiki-sky.a(msp430.o)       contiki-sky.a(uart1.o) (msp430_add_lpm_req)
contiki-sky.a(clock.o)        obj_sky/contiki-sky-main.o (clock_init)
contiki-sky.a(leds.o)         obj_sky/contiki-sky-main.o (leds_init)
contiki-sky.a(leds-arch.o)    contiki-sky.a(leds.o) (leds_arch_init)
contiki-sky.a(watchdog.o)     obj_sky/contiki-sky-main.o (watchdog_start)
contiki-sky.a(rtimer-arch.o)  obj_sky/contiki-sky-main.o (rtimer_arch_now)
contiki-sky.a(autostart.o)    obj_sky/contiki-sky-main.o (autostart_start)
contiki-sky.a(ctimer.o)       obj_sky/contiki-sky-main.o (ctimer_init)
contiki-sky.a(energest.o)     obj_sky/contiki-sky-main.o (energest_init)
contiki-sky.a(etimer.o)       contiki-sky.a(clock.o) (etimer_request_poll)
contiki-sky.a(process.o)      contiki-sky.a(shell.o) (process_current)
contiki-sky.a(rtimer.o)       obj_sky/contiki-sky-main.o (rtimer_init)
contiki-sky.a(timer.o)        obj_sky/contiki-sky-main.o (timer_set)
contiki-sky.a(serial-line.o)  contiki-sky.a(serial-shell.o) (serial_line_event_message)
contiki-sky.a(list.o)         contiki-sky.a(shell.o) (list_init)
contiki-sky.a(random.o)       obj_sky/contiki-sky-main.o (random_init)
contiki-sky.a(ringbuf.o)      contiki-sky.a(serial-line.o) (ringbuf_init)
contiki-sky.a(uip-fw.o)       obj_sky/contiki-sky-main.o (uip_fw_default)
contiki-sky.a(uip-fw-drv.o)   obj_sky/contiki-sky-main.o (uip_fw_process)
contiki-sky.a(uip.o)          contiki-sky.a(slip.o) (uip_aligned_buf)
contiki-sky.a(uip-over-mesh.o)
                              obj_sky/contiki-sky-main.o (uip_over_mesh_init)
contiki-sky.a(uiplib.o)       contiki-sky.a(shell-wget.o) (uiplib_ip4addrconv)
contiki-sky.a(tcpip.o)        obj_sky/webserver-nogui.o (tcpip_event)
contiki-sky.a(resolv.o)       contiki-sky.a(shell-wget.o) (resolv_event_found)
contiki-sky.a(uip-nameserver.)
                              contiki-sky.a(resolv.o) (uip_nameserver_get)
contiki-sky.a(rime.o)         obj_sky/contiki-sky-main.o (rime_driver)
contiki-sky.a(broadcast-annou)
                              contiki-sky.a(rime.o) (broadcast_announcement_init)
contiki-sky.a(trickle.o)      contiki-sky.a(uip-over-mesh.o) (trickle_open)
contiki-sky.a(abc.o)          contiki-sky.a(rime.o) (abc_input)
contiki-sky.a(announcement.o)
                              contiki-sky.a(rime.o) (announcement_init)
contiki-sky.a(chameleon.o)    contiki-sky.a(rime.o) (chameleon_init)
contiki-sky.a(channel.o)      contiki-sky.a(chameleon.o) (channel_init)
contiki-sky.a(broadcast.o)    contiki-sky.a(broadcast-annou) (broadcast_open)
contiki-sky.a(route-discovery)
                              contiki-sky.a(uip-over-mesh.o) (route_discovery_open)
contiki-sky.a(unicast.o)      contiki-sky.a(uip-over-mesh.o) (unicast_open)
contiki-sky.a(route.o)        contiki-sky.a(uip-over-mesh.o) (route_init)
contiki-sky.a(nullmac.o)      obj_sky/contiki-sky-main.o (nullmac_driver)
contiki-sky.a(nullrdc.o)      obj_sky/contiki-sky-main.o (nullrdc_driver)
contiki-sky.a(mac.o)          contiki-sky.a(nullrdc.o) (mac_call_sent_callback)
contiki-sky.a(queuebuf.o)     contiki-sky.a(rime.o) (queuebuf_init)
contiki-sky.a(packetbuf.o)    contiki-sky.a(rime.o) (packetbuf_compact)
contiki-sky.a(linkaddr.o)     obj_sky/contiki-sky-main.o (linkaddr_copy)
contiki-sky.a(contikimac-fram)
[...]
Memory Configuration

Name             Origin             Length             Attributes
sfr              0x0000000000000000 0x0000000000000010
peripheral_8bit  0x0000000000000010 0x00000000000000f0
peripheral_16bit 0x0000000000000100 0x0000000000000100
ram_mirror       0x0000000000000200 0x0000000000000800 xw
infomem          0x0000000000001000 0x0000000000000100
infob            0x0000000000001000 0x0000000000000080
infoa            0x0000000000001080 0x0000000000000080
ram              0x0000000000001100 0x0000000000002800 xw
rom              0x0000000000004000 0x000000000000bfe0 xr
vectors          0x000000000000ffe0 0x0000000000000020
bsl              0x0000000000000000 0x0000000000000000
infoc            0x0000000000000000 0x0000000000000000
infod            0x0000000000000000 0x0000000000000000
ram2             0x0000000000000000 0x0000000000000000 xw
usbram           0x0000000000000000 0x0000000000000000 xw
far_rom          0x0000000000000000 0x0000000000000000
*default*        0x0000000000000000 0xffffffffffffffff

Linker script and memory map

LOAD /usr/lib/gcc/msp430/4.6.3/mmpy-16/crt0ivtbl16.o
LOAD sky-shell-webserver.co
LOAD obj_sky/webserver-nogui.o
LOAD obj_sky/contiki-sky-main.o
LOAD contiki-sky.a
LOAD /usr/lib/gcc/msp430/4.6.3/mmpy-16/libgcc.a
LOAD /usr/lib/gcc/msp430/4.6.3/../../../../msp430/lib/mmpy-16/libc.a
LOAD /usr/lib/gcc/msp430/4.6.3/mmpy-16/libgcc.a
LOAD /usr/lib/gcc/msp430/4.6.3/mmpy-16/libcrt0.a
                0x0000000000000080                PROVIDE (__info_segment_size, 0x80)
                0x0000000000001000                PROVIDE (__infob, 0x1000)
                0x0000000000001080                PROVIDE (__infoa, 0x1080)
                0x0000000000000000                __IE1 = 0x0
                0x0000000000000002                __IFG1 = 0x2
                0x0000000000000004                __ME1 = 0x4
                0x0000000000000001                __IE2 = 0x1
                0x0000000000000003                __IFG2 = 0x3
                0x0000000000000005                __ME2 = 0x5
                0x0000000000000120                __WDTCTL = 0x120
                0x0000000000000130                __MPY = 0x130
                0x0000000000000132                __MPYS = 0x132
                0x0000000000000134                __MAC = 0x134
                0x0000000000000136                __MACS = 0x136
                0x0000000000000138                __OP2 = 0x138
                0x000000000000013a                __RESLO = 0x13a
                0x000000000000013c                __RESHI = 0x13c
                0x000000000000013e                __SUMEXT = 0x13e
                0x0000000000000020                __P1IN = 0x20
                0x0000000000000021                __P1OUT = 0x21
                0x0000000000000022                __P1DIR = 0x22
                0x0000000000000023                __P1IFG = 0x23
                0x0000000000000024                __P1IES = 0x24
                0x0000000000000025                __P1IE = 0x25
                0x0000000000000026                __P1SEL = 0x26
                0x0000000000000028                __P2IN = 0x28
                0x0000000000000029                __P2OUT = 0x29
                0x000000000000002a                __P2DIR = 0x2a
                0x000000000000002b                __P2IFG = 0x2b
                0x000000000000002c                __P2IES = 0x2c
                0x000000000000002d                __P2IE = 0x2d
                0x000000000000002e                __P2SEL = 0x2e
                0x0000000000000018                __P3IN = 0x18
                0x0000000000000019                __P3OUT = 0x19
                0x000000000000001a                __P3DIR = 0x1a
                0x000000000000001b                __P3SEL = 0x1b
                0x000000000000001c                __P4IN = 0x1c
                0x000000000000001d                __P4OUT = 0x1d
                0x000000000000001e                __P4DIR = 0x1e
                0x000000000000001f                __P4SEL = 0x1f
                0x0000000000000030                __P5IN = 0x30
                0x0000000000000031                __P5OUT = 0x31
                0x0000000000000032                __P5DIR = 0x32
                0x0000000000000033                __P5SEL = 0x33
                0x0000000000000034                __P6IN = 0x34
                0x0000000000000035                __P6OUT = 0x35
                0x0000000000000036                __P6DIR = 0x36
                0x0000000000000037                __P6SEL = 0x37
                0x0000000000000070                __U0CTL = 0x70
                0x0000000000000071                __U0TCTL = 0x71
                0x0000000000000072                __U0RCTL = 0x72
                0x0000000000000073                __U0MCTL = 0x73
                0x0000000000000074                __U0BR0 = 0x74
                0x0000000000000075                __U0BR1 = 0x75
                0x0000000000000076                __U0RXBUF = 0x76
                0x0000000000000077                __U0TXBUF = 0x77
                0x0000000000000078                __U1CTL = 0x78
                0x0000000000000079                __U1TCTL = 0x79
                0x000000000000007a                __U1RCTL = 0x7a
                0x000000000000007b                __U1MCTL = 0x7b
                0x000000000000007c                __U1BR0 = 0x7c
                0x000000000000007d                __U1BR1 = 0x7d
                0x000000000000007e                __U1RXBUF = 0x7e
                0x000000000000007f                __U1TXBUF = 0x7f
                0x0000000000000050                __I2CIE = 0x50
                0x0000000000000051                __I2CIFG = 0x51
                0x0000000000000052                __I2CNDAT = 0x52
                0x0000000000000071                __I2CTCTL = 0x71
                0x0000000000000072                __I2CDCTL = 0x72
                0x0000000000000073                __I2CPSC = 0x73
                0x0000000000000074                __I2CSCLH = 0x74
                0x0000000000000075                __I2CSCLL = 0x75
                0x0000000000000076                __I2CDRB = 0x76
                0x0000000000000076                __I2CDRW = 0x76
                0x0000000000000118                __I2COA = 0x118
                0x000000000000011a                __I2CSA = 0x11a
                0x000000000000011c                __I2CIV = 0x11c
                0x000000000000012e                __TAIV = 0x12e
                0x0000000000000160                __TACTL = 0x160
                0x0000000000000162                __TACCTL0 = 0x162
                0x0000000000000164                __TACCTL1 = 0x164
                0x0000000000000166                __TACCTL2 = 0x166
                0x0000000000000170                __TAR = 0x170
                0x0000000000000172                __TACCR0 = 0x172
                0x0000000000000174                __TACCR1 = 0x174
                0x0000000000000176                __TACCR2 = 0x176
                0x000000000000011e                __TBIV = 0x11e
                0x0000000000000180                __TBCTL = 0x180
                0x0000000000000182                __TBCCTL0 = 0x182
                0x0000000000000184                __TBCCTL1 = 0x184
                0x0000000000000186                __TBCCTL2 = 0x186
                0x0000000000000188                __TBCCTL3 = 0x188
                0x000000000000018a                __TBCCTL4 = 0x18a
                0x000000000000018c                __TBCCTL5 = 0x18c
                0x000000000000018e                __TBCCTL6 = 0x18e
                0x0000000000000190                __TBR = 0x190
                0x0000000000000192                __TBCCR0 = 0x192
                0x0000000000000194                __TBCCR1 = 0x194
                0x0000000000000196                __TBCCR2 = 0x196
                0x0000000000000198                __TBCCR3 = 0x198
                0x000000000000019a                __TBCCR4 = 0x19a
                0x000000000000019c                __TBCCR5 = 0x19c
                0x000000000000019e                __TBCCR6 = 0x19e
                0x0000000000000056                __DCOCTL = 0x56
                0x0000000000000057                __BCSCTL1 = 0x57
                0x0000000000000058                __BCSCTL2 = 0x58
                0x0000000000000055                __SVSCTL = 0x55
                0x0000000000000128                __FCTL1 = 0x128
                0x000000000000012a                __FCTL2 = 0x12a
                0x000000000000012c                __FCTL3 = 0x12c
                0x0000000000000059                __CACTL1 = 0x59
                0x000000000000005a                __CACTL2 = 0x5a
                0x000000000000005b                __CAPD = 0x5b
                0x00000000000001a0                __ADC12CTL0 = 0x1a0
                0x00000000000001a2                __ADC12CTL1 = 0x1a2
                0x00000000000001a4                __ADC12IFG = 0x1a4
                0x00000000000001a6                __ADC12IE = 0x1a6
                0x00000000000001a8                __ADC12IV = 0x1a8
                0x0000000000000140                __ADC12MEM0 = 0x140
                0x0000000000000142                __ADC12MEM1 = 0x142
                0x0000000000000144                __ADC12MEM2 = 0x144
                0x0000000000000146                __ADC12MEM3 = 0x146
                0x0000000000000148                __ADC12MEM4 = 0x148
                0x000000000000014a                __ADC12MEM5 = 0x14a
                0x000000000000014c                __ADC12MEM6 = 0x14c
                0x000000000000014e                __ADC12MEM7 = 0x14e
                0x0000000000000150                __ADC12MEM8 = 0x150
                0x0000000000000152                __ADC12MEM9 = 0x152
                0x0000000000000154                __ADC12MEM10 = 0x154
                0x0000000000000156                __ADC12MEM11 = 0x156
                0x0000000000000158                __ADC12MEM12 = 0x158
                0x000000000000015a                __ADC12MEM13 = 0x15a
                0x000000000000015c                __ADC12MEM14 = 0x15c
                0x000000000000015e                __ADC12MEM15 = 0x15e
                0x0000000000000080                __ADC12MCTL0 = 0x80
                0x0000000000000081                __ADC12MCTL1 = 0x81
                0x0000000000000082                __ADC12MCTL2 = 0x82
                0x0000000000000083                __ADC12MCTL3 = 0x83
                0x0000000000000084                __ADC12MCTL4 = 0x84
                0x0000000000000085                __ADC12MCTL5 = 0x85
                0x0000000000000086                __ADC12MCTL6 = 0x86
                0x0000000000000087                __ADC12MCTL7 = 0x87
                0x0000000000000088                __ADC12MCTL8 = 0x88
                0x0000000000000089                __ADC12MCTL9 = 0x89
                0x000000000000008a                __ADC12MCTL10 = 0x8a
                0x000000000000008b                __ADC12MCTL11 = 0x8b
                0x000000000000008c                __ADC12MCTL12 = 0x8c
                0x000000000000008d                __ADC12MCTL13 = 0x8d
                0x000000000000008e                __ADC12MCTL14 = 0x8e
                0x000000000000008f                __ADC12MCTL15 = 0x8f
                0x00000000000001c0                __DAC12_0CTL = 0x1c0
                0x00000000000001c2                __DAC12_1CTL = 0x1c2
                0x00000000000001c8                __DAC12_0DAT = 0x1c8
                0x00000000000001ca                __DAC12_1DAT = 0x1ca
                0x0000000000000122                __DMACTL0 = 0x122
                0x0000000000000124                __DMACTL1 = 0x124
                0x00000000000001e0                __DMA0CTL = 0x1e0
                0x00000000000001e8                __DMA1CTL = 0x1e8
                0x00000000000001f0                __DMA2CTL = 0x1f0
                0x00000000000001e2                __DMA0SA = 0x1e2
                0x00000000000001e4                __DMA0DA = 0x1e4
                0x00000000000001e6                __DMA0SZ = 0x1e6
                0x00000000000001ea                __DMA1SA = 0x1ea
                0x00000000000001ec                __DMA1DA = 0x1ec
                0x00000000000001ee                __DMA1SZ = 0x1ee
                0x00000000000001f2                __DMA2SA = 0x1f2
                0x00000000000001f4                __DMA2DA = 0x1f4
                0x00000000000001f6                __DMA2SZ = 0x1f6

.hash
 *(.hash)

.dynsym
 *(.dynsym)

.dynstr
 *(.dynstr)

.gnu.version
 *(.gnu.version)

.gnu.version_d
 *(.gnu.version_d)

.gnu.version_r
 *(.gnu.version_r)

.rel.init
 *(.rel.init)

.rela.init
 *(.rela.init)

.rel.fini
 *(.rel.fini)

.rela.fini
 *(.rela.fini)

.rel.text
 *(.rel.text .rel.text.* .rel.gnu.linkonce.t.*)

.rela.text
 *(.rela.text .rela.text.* .rela.gnu.linkonce.t.*)

.rel.rodata
 *(.rel.rodata .rel.rodata.* .rel.gnu.linkonce.r.*)

.rela.rodata
 *(.rela.rodata .rela.rodata.* .rela.gnu.linkonce.r.*)

.rel.data
 *(.rel.data .rel.data.* .rel.gnu.linkonce.d.*)

.rela.data
 *(.rela.data .rela.data.* .rela.gnu.linkonce.d.*)

.rel.bss
 *(.rel.bss .rel.bss.* .rel.gnu.linkonce.b.*)

.rela.bss
 *(.rela.bss .rela.bss.* .rela.gnu.linkonce.b.*)

.rel.ctors
 *(.rel.ctors)

.rela.ctors
 *(.rela.ctors)

.rel.dtors
 *(.rel.dtors)

.rela.dtors
 *(.rela.dtors)

.rel.got
 *(.rel.got)

.rela.got
 *(.rela.got)

.rel.plt
 *(.rel.plt)

.rela.plt
 *(.rela.plt)

.text           0x0000000000004000     0xaa7c
                0x0000000000004000                . = ALIGN (0x2)
 *(.init .init.*)
 *(.init0)
 .init0         0x0000000000004000        0x0 /usr/lib/gcc/msp430/4.6.3/mmpy-16/libcrt0.a(_reset_vector__.o)
                0x0000000000004000                _reset_vector__
 *(.init1)
 .init1         0x0000000000004000        0xc /usr/lib/gcc/msp430/4.6.3/mmpy-16/libcrt0.a(__watchdog_support.o)
                0x0000000000004000                __watchdog_support
 *(.init2)
 .init2         0x000000000000400c        0x4 /usr/lib/gcc/msp430/4.6.3/mmpy-16/libcrt0.a(__init_stack.o)
                0x000000000000400c                __init_stack
 *(.init3)
 .init3         0x0000000000004010        0x0 /usr/lib/gcc/msp430/4.6.3/mmpy-16/libcrt0.a(__low_level_init.o)
                0x0000000000004010                __low_level_init
 *(.init4)
 .init4         0x0000000000004010       0x18 /usr/lib/gcc/msp430/4.6.3/mmpy-16/libcrt0.a(_copy_data.o)
                0x0000000000004010                __do_copy_data
 .init4         0x0000000000004028       0x16 /usr/lib/gcc/msp430/4.6.3/mmpy-16/libcrt0.a(_clear_bss.o)
                0x0000000000004028                __do_clear_bss
 *(.init5)
 *(.init6)
 *(.init7)
 *(.init8)
 *(.init9)
 .init9         0x000000000000403e      0x38e obj_sky/contiki-sky-main.o
                0x000000000000403e                main
 *(.fini9)
 .fini9         0x00000000000043cc        0x0 /usr/lib/gcc/msp430/4.6.3/mmpy-16/libcrt0.a(__stop_progExec__.o)
                0x00000000000043cc                __stop_progExec__
 *(.fini8)
 *(.fini7)
 *(.fini6)
 *(.fini5)
 *(.fini4)
 *(.fini3)
 *(.fini2)
 *(.fini1)
 *(.fini0)
 .fini0         0x00000000000043cc        0x6 /usr/lib/gcc/msp430/4.6.3/mmpy-16/libcrt0.a(_endless_loop__.o)
                0x00000000000043cc                _endless_loop__
 *(.fini .fini.*)
                0x00000000000043d2                . = ALIGN (0x2)
                0x00000000000043d2                __ctors_start = .
 *(.ctors)
                0x00000000000043d2                __ctors_end = .
                0x00000000000043d2                __dtors_start = .
 *(.dtors)
                0x00000000000043d2                __dtors_end = .
                0x00000000000043d2                . = ALIGN (0x2)
 *(.text .text.* .gnu.linkonce.t.*)
 .text          0x00000000000043d2        0x4 /usr/lib/gcc/msp430/4.6.3/mmpy-16/crt0ivtbl16.o
                0x00000000000043d2                __isr_14
                0x00000000000043d2                __isr_11
                0x00000000000043d2                __isr_2
                0x00000000000043d2                __isr_7
                0x00000000000043d2                __isr_0
                0x00000000000043d2                __isr_8
                0x00000000000043d2                __isr_3
                0x00000000000043d2                __isr_12
                0x00000000000043d2                __isr_13
                0x00000000000043d2                __isr_9
 .text.process_thread_sky_shell_process
                0x00000000000043d6       0x32 sky-shell-webserver.co
 .text.process_thread_webserver_nogui_process
                0x0000000000004408       0x3c obj_sky/webserver-nogui.o
 .text.webserver_log_file
                0x0000000000004444        0x2 obj_sky/webserver-nogui.o
                0x0000000000004444                webserver_log_file
 .text.webserver_log
                0x0000000000004446        0x2 obj_sky/webserver-nogui.o
                0x0000000000004446                webserver_log
 .text.start_network_layer
                0x0000000000004448       0x3c obj_sky/contiki-sky-main.o
 .text.set_gateway
                0x0000000000004484       0x5a obj_sky/contiki-sky-main.o
 .text.handle_input
                0x00000000000044de      0x112 contiki-sky.a(httpd-cfs.o)
 .text.get_content_type
                0x00000000000045f0       0x82 contiki-sky.a(httpd-cfs.o)
 .text.send_headers
                0x0000000000004672       0x7c contiki-sky.a(httpd-cfs.o)
 .text.handle_output
                0x00000000000046ee      0x170 contiki-sky.a(httpd-cfs.o)
 .text.httpd_appcall
                0x000000000000485e      0x104 contiki-sky.a(httpd-cfs.o)
                0x000000000000485e                httpd_appcall
 .text.httpd_init
                0x0000000000004962       0x16 contiki-sky.a(httpd-cfs.o)
                0x0000000000004962                httpd_init
 .text.urlconv_init
                0x0000000000004978       0x32 contiki-sky.a(urlconv.o)
                0x0000000000004978                urlconv_init
 .text.urlconv_tofilename
                0x00000000000049aa      0x198 contiki-sky.a(urlconv.o)
                0x00000000000049aa                urlconv_tofilename
 .text.process_thread_serial_shell_process
                0x0000000000004b42       0x4e contiki-sky.a(serial-shell.o)
 .text.shell_default_output
                0x0000000000004b90       0x66 contiki-sky.a(serial-shell.o)
                0x0000000000004b90                shell_default_output
 .text.shell_prompt
                0x0000000000004bf6       0x1a contiki-sky.a(serial-shell.o)
                0x0000000000004bf6                shell_prompt
 .text.shell_exit
                0x0000000000004c10        0x2 contiki-sky.a(serial-shell.o)
                0x0000000000004c10                shell_exit
 .text.serial_shell_init
                0x0000000000004c12        0xc contiki-sky.a(serial-shell.o)
                0x0000000000004c12                serial_shell_init
 .text.process_thread_shell_null_process
                0x0000000000004c1e       0x40 contiki-sky.a(shell.o)
 .text.process_thread_shell_exit_process
                0x0000000000004c5e       0x1a contiki-sky.a(shell.o)
 .text.shell_input
                0x0000000000004c78       0x5a contiki-sky.a(shell.o)
                0x0000000000004c78                shell_input
 .text.shell_output_str
                0x0000000000004cd2       0x9a contiki-sky.a(shell.o)
                0x0000000000004cd2                shell_output_str
 .text.command_kill
                0x0000000000004d6c       0x24 contiki-sky.a(shell.o)
 .text.killall  0x0000000000004d90       0x30 contiki-sky.a(shell.o)
 .text.process_thread_shell_killall_process
                0x0000000000004dc0       0x1a contiki-sky.a(shell.o)
 .text.process_thread_shell_kill_process
                0x0000000000004dda       0x88 contiki-sky.a(shell.o)
 .text.process_thread_help_command_process
                0x0000000000004e62       0x4c contiki-sky.a(shell.o)
 .text.start_command
                0x0000000000004eae      0x190 contiki-sky.a(shell.o)
 .text.shell_start_command
                0x000000000000503e       0x4c contiki-sky.a(shell.o)
                0x000000000000503e                shell_start_command
 .text.process_thread_shell_process
                0x000000000000508a       0xb4 contiki-sky.a(shell.o)
 .text.shell_output
                0x000000000000513e       0x68 contiki-sky.a(shell.o)
                0x000000000000513e                shell_output
 .text.shell_register_command
                0x00000000000051a6       0x62 contiki-sky.a(shell.o)
                0x00000000000051a6                shell_register_command
 .text.shell_init
                0x0000000000005208       0x68 contiki-sky.a(shell.o)
                0x0000000000005208                shell_init
 .text.shell_strtolong
                0x0000000000005270       0x9c contiki-sky.a(shell.o)
                0x0000000000005270                shell_strtolong
 .text.shell_time
                0x000000000000530c        0xe contiki-sky.a(shell.o)
                0x000000000000530c                shell_time
 .text.shell_set_time
                0x000000000000531a       0x22 contiki-sky.a(shell.o)
                0x000000000000531a                shell_set_time
 .text.process_thread_shell_server_process
                0x000000000000533c       0xc0 contiki-sky.a(shell.o)
 .text.process_thread_shell_hd_process
                0x00000000000053fc      0x16e contiki-sky.a(shell-text.o)
 .text.process_thread_shell_binprint_process
                0x000000000000556a      0x194 contiki-sky.a(shell-text.o)
 .text.process_thread_shell_echo_process
                0x00000000000056fe       0x3c contiki-sky.a(shell-text.o)
 .text.process_thread_shell_size_process
                0x000000000000573a       0xaa contiki-sky.a(shell-text.o)
 .text.shell_text_init
                0x00000000000057e4       0x22 contiki-sky.a(shell-text.o)
                0x00000000000057e4                shell_text_init
 .text.process_thread_shell_rm_process
                0x0000000000005806       0x20 contiki-sky.a(shell-file.o)
 .text.process_thread_shell_read_process
                0x0000000000005826      0x1b0 contiki-sky.a(shell-file.o)
 .text.process_thread_shell_write_process
                0x00000000000059d6       0xdc contiki-sky.a(shell-file.o)
 .text.process_thread_shell_append_process
                0x0000000000005ab2       0xba contiki-sky.a(shell-file.o)
 .text.process_thread_shell_ls_process
                0x0000000000005b6c       0xcc contiki-sky.a(shell-file.o)
 .text.shell_file_init
                0x0000000000005c38       0x2a contiki-sky.a(shell-file.o)
                0x0000000000005c38                shell_file_init
 .text.open_url.constprop.0
                0x0000000000005c62      0x17c contiki-sky.a(shell-wget.o)
 .text.process_thread_shell_wget_process
                0x0000000000005dde       0x7e contiki-sky.a(shell-wget.o)
 .text.shell_wget_init
                0x0000000000005e5c        0xa contiki-sky.a(shell-wget.o)
                0x0000000000005e5c                shell_wget_init
 .text.webclient_datahandler
                0x0000000000005e66       0x1e contiki-sky.a(shell-wget.o)
                0x0000000000005e66                webclient_datahandler
 .text.webclient_connected
                0x0000000000005e84       0x12 contiki-sky.a(shell-wget.o)
                0x0000000000005e84                webclient_connected
 .text.webclient_timedout
                0x0000000000005e96       0x16 contiki-sky.a(shell-wget.o)
                0x0000000000005e96                webclient_timedout
 .text.webclient_aborted
                0x0000000000005eac       0x16 contiki-sky.a(shell-wget.o)
                0x0000000000005eac                webclient_aborted
 .text.webclient_closed
                0x0000000000005ec2       0x16 contiki-sky.a(shell-wget.o)
                0x0000000000005ec2                webclient_closed
 .text.window_copy
                0x0000000000005ed8       0x52 contiki-sky.a(webclient.o)
 .text.senddata.part.1
                0x0000000000005f2a       0xca contiki-sky.a(webclient.o)
 .text.casecmp.constprop.2
                0x0000000000005ff4       0x3a contiki-sky.a(webclient.o)
 .text.webclient_get
                0x000000000000602e       0xba contiki-sky.a(webclient.o)
                0x000000000000602e                webclient_get
 .text.webclient_appcall
                0x00000000000060e8      0x36a contiki-sky.a(webclient.o)
                0x00000000000060e8                webclient_appcall
 .text.init_platform
                0x0000000000006452        0xc contiki-sky.a(contiki-sky-pla)
                0x0000000000006452                init_platform
 .text.status   0x000000000000645e       0x16 contiki-sky.a(button-sensor.o)
 .text.configure
                0x0000000000006474       0x52 contiki-sky.a(button-sensor.o)
 .text.value    0x00000000000064c6       0x22 contiki-sky.a(button-sensor.o)
 .text.irq_p2   0x00000000000064e8       0x8a contiki-sky.a(button-sensor.o)
                0x00000000000064e8                irq_p2
                0x00000000000064e8                __isr_1
 .text.owreadb  0x0000000000006572       0x52 contiki-sky.a(ds2411.o)
 .text.ds2411_init
                0x00000000000065c4      0x122 contiki-sky.a(ds2411.o)
                0x00000000000065c4                ds2411_init
 .text.write_enable
                0x00000000000066e6       0x2a contiki-sky.a(xmem.o)
 .text.wait_ready
                0x0000000000006710       0x50 contiki-sky.a(xmem.o)
 .text.xmem_init
                0x0000000000006760       0x3e contiki-sky.a(xmem.o)
                0x0000000000006760                xmem_init
 .text.xmem_pread
                0x000000000000679e       0xea contiki-sky.a(xmem.o)
                0x000000000000679e                xmem_pread
 .text.xmem_pwrite
                0x0000000000006888      0x150 contiki-sky.a(xmem.o)
                0x0000000000006888                xmem_pwrite
 .text.xmem_erase
                0x00000000000069d8       0xae contiki-sky.a(xmem.o)
                0x00000000000069d8                xmem_erase
 .text.node_id_restore
                0x0000000000006a86       0x38 contiki-sky.a(node-id.o)
                0x0000000000006a86                node_id_restore
 .text.process_thread_sensors_process
                0x0000000000006abe       0xbe contiki-sky.a(sensors.o)
 .text.sensors_changed
                0x0000000000006b7c       0x2a contiki-sky.a(sensors.o)
                0x0000000000006b7c                sensors_changed
 .text.load_file
                0x0000000000006ba6       0x74 contiki-sky.a(cfs-coffee.o)
 .text.read_header
                0x0000000000006c1a       0x2a contiki-sky.a(cfs-coffee.o)
 .text.file_end
                0x0000000000006c44       0xd0 contiki-sky.a(cfs-coffee.o)
 .text.write_header
                0x0000000000006d14       0x2e contiki-sky.a(cfs-coffee.o)
 .text.find_next_record
                0x0000000000006d42       0xe0 contiki-sky.a(cfs-coffee.o)
 .text.get_record_index
                0x0000000000006e22      0x102 contiki-sky.a(cfs-coffee.o)
 .text.read_log_page
                0x0000000000006f24      0x128 contiki-sky.a(cfs-coffee.o)
 .text.next_file
                0x000000000000704c       0x22 contiki-sky.a(cfs-coffee.o)
 .text.find_file
                0x000000000000706e       0xa4 contiki-sky.a(cfs-coffee.o)
 .text.find_contiguous_pages
                0x0000000000007112       0x72 contiki-sky.a(cfs-coffee.o)
 .text.remove_by_page.isra.1
                0x0000000000007184       0xbc contiki-sky.a(cfs-coffee.o)
 .text.reserve  0x0000000000007240      0x228 contiki-sky.a(cfs-coffee.o)
 .text.cfs_open
                0x0000000000007468       0xc0 contiki-sky.a(cfs-coffee.o)
                0x0000000000007468                cfs_open
 .text.cfs_close
                0x0000000000007528       0x2a contiki-sky.a(cfs-coffee.o)
                0x0000000000007528                cfs_close
 .text.cfs_seek
                0x0000000000007552       0x9a contiki-sky.a(cfs-coffee.o)
                0x0000000000007552                cfs_seek
 .text.cfs_remove
                0x00000000000075ec       0x1a contiki-sky.a(cfs-coffee.o)
                0x00000000000075ec                cfs_remove
 .text.cfs_read
                0x0000000000007606      0x16e contiki-sky.a(cfs-coffee.o)
                0x0000000000007606                cfs_read
 .text.merge_log
                0x0000000000007774      0x1dc contiki-sky.a(cfs-coffee.o)
 .text.write_log_page
                0x0000000000007950      0x302 contiki-sky.a(cfs-coffee.o)
 .text.cfs_write
                0x0000000000007c52      0x208 contiki-sky.a(cfs-coffee.o)
                0x0000000000007c52                cfs_write
 .text.cfs_opendir
                0x0000000000007e5a        0xc contiki-sky.a(cfs-coffee.o)
                0x0000000000007e5a                cfs_opendir
 .text.cfs_readdir
                0x0000000000007e66       0x76 contiki-sky.a(cfs-coffee.o)
                0x0000000000007e66                cfs_readdir
 .text.cfs_closedir
                0x0000000000007edc        0x2 contiki-sky.a(cfs-coffee.o)
                0x0000000000007edc                cfs_closedir
 .text.get_object
                0x0000000000007ede        0x4 contiki-sky.a(cc2420.o)
 .text.set_object
                0x0000000000007ee2        0x4 contiki-sky.a(cc2420.o)
 .text.strobe   0x0000000000007ee6       0x20 contiki-sky.a(cc2420.o)
 .text.getreg   0x0000000000007f06       0x54 contiki-sky.a(cc2420.o)
 .text.setreg   0x0000000000007f5a       0x52 contiki-sky.a(cc2420.o)
 .text.write_ram
                0x0000000000007fac       0x80 contiki-sky.a(cc2420.o)
 .text.write_fifo_buf
                0x000000000000802c       0x40 contiki-sky.a(cc2420.o)
 .text.get_status
                0x000000000000806c       0x24 contiki-sky.a(cc2420.o)
 .text.set_txpower
                0x0000000000008090       0x26 contiki-sky.a(cc2420.o)
 .text.cc2420_receiving_packet
                0x00000000000080b6        0xe contiki-sky.a(cc2420.o)
 .text.pending_packet
                0x00000000000080c4        0x8 contiki-sky.a(cc2420.o)
 .text.on       0x00000000000080cc       0x1e contiki-sky.a(cc2420.o)
 .text.wait_for_transmission
                0x00000000000080ea       0x22 contiki-sky.a(cc2420.o)
 .text.wait_for_status
                0x000000000000810c       0x2a contiki-sky.a(cc2420.o)
 .text.getrxdata
                0x0000000000008136       0x56 contiki-sky.a(cc2420.o)
 .text.flushrx  0x000000000000818c       0x1a contiki-sky.a(cc2420.o)
 .text.off      0x00000000000081a6       0x5a contiki-sky.a(cc2420.o)
 .text.RELEASE_LOCK
                0x0000000000008200       0x28 contiki-sky.a(cc2420.o)
 .text.set_key  0x0000000000008228       0x18 contiki-sky.a(cc2420.o)
 .text.cc2420_prepare
                0x0000000000008240       0x3c contiki-sky.a(cc2420.o)
 .text.cc2420_on
                0x000000000000827c       0x22 contiki-sky.a(cc2420.o)
                0x000000000000827c                cc2420_on
 .text.cc2420_off
                0x000000000000829e       0x30 contiki-sky.a(cc2420.o)
                0x000000000000829e                cc2420_off
 .text.cc2420_cca
                0x00000000000082ce       0x5e contiki-sky.a(cc2420.o)
 .text.cc2420_read
                0x000000000000832c       0xb0 contiki-sky.a(cc2420.o)
 .text.process_thread_cc2420_process
                0x00000000000083dc       0x50 contiki-sky.a(cc2420.o)
 .text.encrypt  0x000000000000842c       0x8e contiki-sky.a(cc2420.o)
 .text.cc2420_set_channel
                0x00000000000084ba       0x3c contiki-sky.a(cc2420.o)
                0x00000000000084ba                cc2420_set_channel
 .text.cc2420_set_pan_addr
                0x00000000000084f6       0x4c contiki-sky.a(cc2420.o)
                0x00000000000084f6                cc2420_set_pan_addr
 .text.cc2420_interrupt
                0x0000000000008542       0x18 contiki-sky.a(cc2420.o)
                0x0000000000008542                cc2420_interrupt
 .text.cc2420_set_txpower
                0x000000000000855a        0xe contiki-sky.a(cc2420.o)
                0x000000000000855a                cc2420_set_txpower
 .text.cc2420_get_txpower
                0x0000000000008568       0x1e contiki-sky.a(cc2420.o)
                0x0000000000008568                cc2420_get_txpower
 .text.cc2420_transmit
                0x0000000000008586      0x12a contiki-sky.a(cc2420.o)
 .text.cc2420_send
                0x00000000000086b0       0x12 contiki-sky.a(cc2420.o)
 .text.cc2420_rssi
                0x00000000000086c2       0x4c contiki-sky.a(cc2420.o)
                0x00000000000086c2                cc2420_rssi
 .text.get_value
                0x000000000000870e       0xac contiki-sky.a(cc2420.o)
 .text.cc2420_set_cca_threshold
                0x00000000000087ba       0x16 contiki-sky.a(cc2420.o)
                0x00000000000087ba                cc2420_set_cca_threshold
 .text.set_value
                0x00000000000087d0       0x8a contiki-sky.a(cc2420.o)
 .text.cc2420_init
                0x000000000000885a       0xde contiki-sky.a(cc2420.o)
                0x000000000000885a                cc2420_init
 .text.cc2420_port1_interrupt
                0x0000000000008938       0x62 contiki-sky.a(cc2420-arch.o)
                0x0000000000008938                __isr_4
                0x0000000000008938                cc2420_port1_interrupt
 .text.cc2420_arch_init
                0x000000000000899a       0x1a contiki-sky.a(cc2420-arch.o)
                0x000000000000899a                cc2420_arch_init
 .text.handle_rxdma_timer
                0x00000000000089b4       0x3a contiki-sky.a(uart1.o)
 .text.uart1_active
                0x00000000000089ee       0x1a contiki-sky.a(uart1.o)
                0x00000000000089ee                uart1_active
 .text.uart1_set_input
                0x0000000000008a08       0x20 contiki-sky.a(uart1.o)
                0x0000000000008a08                uart1_set_input
 .text.uart1_writeb
                0x0000000000008a28       0x1a contiki-sky.a(uart1.o)
                0x0000000000008a28                uart1_writeb
 .text.uart1_init
                0x0000000000008a42       0xf6 contiki-sky.a(uart1.o)
                0x0000000000008a42                uart1_init
 .text.slip_arch_writeb
                0x0000000000008b38        0x6 contiki-sky.a(slip_uart1.o)
                0x0000000000008b38                slip_arch_writeb
 .text.putchar  0x0000000000008b3e       0x3c contiki-sky.a(slip_uart1.o)
                0x0000000000008b3e                putchar
 .text.slip_arch_init
                0x0000000000008b7a        0xa contiki-sky.a(slip_uart1.o)
                0x0000000000008b7a                slip_arch_init
 .text.rxbuf_init
                0x0000000000008b84       0x12 contiki-sky.a(slip.o)
 .text.slip_set_input_callback
                0x0000000000008b96        0x6 contiki-sky.a(slip.o)
                0x0000000000008b96                slip_set_input_callback
 .text.slip_send
                0x0000000000008b9c       0x5e contiki-sky.a(slip.o)
                0x0000000000008b9c                slip_send
 .text.slip_write
                0x0000000000008bfa       0x60 contiki-sky.a(slip.o)
                0x0000000000008bfa                slip_write
 .text.process_thread_slip_process
                0x0000000000008c5a      0x1d4 contiki-sky.a(slip.o)
 .text.slip_input_byte
                0x0000000000008e2e       0xbe contiki-sky.a(slip.o)
                0x0000000000008e2e                slip_input_byte
 .text.msp430_init_dco
                0x0000000000008eec       0x84 contiki-sky.a(msp430.o)
                0x0000000000008eec                msp430_init_dco
 .text.msp430_add_lpm_req
                0x0000000000008f70        0xc contiki-sky.a(msp430.o)
                0x0000000000008f70                msp430_add_lpm_req
 .text.msp430_cpu_init
                0x0000000000008f7c       0x2a contiki-sky.a(msp430.o)
                0x0000000000008f7c                msp430_cpu_init
 .text.splhigh_
                0x0000000000008fa6        0x8 contiki-sky.a(msp430.o)
                0x0000000000008fa6                splhigh_
 .text.msp430_sync_dco
                0x0000000000008fae       0x68 contiki-sky.a(msp430.o)
                0x0000000000008fae                msp430_sync_dco
 .text.timera1  0x0000000000009016      0x11e contiki-sky.a(clock.o)
                0x0000000000009016                __isr_5
                0x0000000000009016                timera1
 .text.clock_time
                0x0000000000009134       0x1a contiki-sky.a(clock.o)
                0x0000000000009134                clock_time
 .text.clock_init
                0x000000000000914e       0x28 contiki-sky.a(clock.o)
                0x000000000000914e                clock_init
 .text.clock_delay
                0x0000000000009176        0xc contiki-sky.a(clock.o)
                0x0000000000009176                clock_delay
 .text.clock_seconds
                0x0000000000009182       0x1a contiki-sky.a(clock.o)
                0x0000000000009182                clock_seconds
 .text.show_leds
                0x000000000000919c       0xf6 contiki-sky.a(leds.o)
 .text.leds_init
                0x0000000000009292        0xa contiki-sky.a(leds.o)
                0x0000000000009292                leds_init
 .text.leds_on  0x000000000000929c        0xa contiki-sky.a(leds.o)
                0x000000000000929c                leds_on
 .text.leds_off
                0x00000000000092a6        0xe contiki-sky.a(leds.o)
                0x00000000000092a6                leds_off
 .text.leds_arch_init
                0x00000000000092b4        0xe contiki-sky.a(leds-arch.o)
                0x00000000000092b4                leds_arch_init
 .text.leds_arch_set
                0x00000000000092c2       0x3a contiki-sky.a(leds-arch.o)
                0x00000000000092c2                leds_arch_set
 .text.watchdog_interrupt
                0x00000000000092fc        0x6 contiki-sky.a(watchdog.o)
                0x00000000000092fc                __isr_10
                0x00000000000092fc                watchdog_interrupt
 .text.watchdog_start
                0x0000000000009302       0x14 contiki-sky.a(watchdog.o)
                0x0000000000009302                watchdog_start
 .text.watchdog_periodic
                0x0000000000009316       0x12 contiki-sky.a(watchdog.o)
                0x0000000000009316                watchdog_periodic
 .text.watchdog_stop
                0x0000000000009328       0x16 contiki-sky.a(watchdog.o)
                0x0000000000009328                watchdog_stop
 .text.watchdog_init
                0x000000000000933e       0x14 contiki-sky.a(watchdog.o)
                0x000000000000933e                watchdog_init
 .text.rtimer_arch_init
                0x0000000000009352        0xe contiki-sky.a(rtimer-arch.o)
                0x0000000000009352                rtimer_arch_init
 .text.rtimer_arch_now
                0x0000000000009360        0xe contiki-sky.a(rtimer-arch.o)
                0x0000000000009360                rtimer_arch_now
 .text.timera0  0x000000000000936e       0x70 contiki-sky.a(rtimer-arch.o)
                0x000000000000936e                __isr_6
                0x000000000000936e                timera0
 .text.rtimer_arch_schedule
                0x00000000000093de        0x6 contiki-sky.a(rtimer-arch.o)
                0x00000000000093de                rtimer_arch_schedule
 .text.autostart_start
                0x00000000000093e4       0x16 contiki-sky.a(autostart.o)
                0x00000000000093e4                autostart_start
 .text.process_thread_ctimer_process
                0x00000000000093fa       0xa4 contiki-sky.a(ctimer.o)
 .text.ctimer_init
                0x000000000000949e       0x18 contiki-sky.a(ctimer.o)
                0x000000000000949e                ctimer_init
 .text.ctimer_set
                0x00000000000094b6       0x50 contiki-sky.a(ctimer.o)
                0x00000000000094b6                ctimer_set
 .text.ctimer_reset
                0x0000000000009506       0x30 contiki-sky.a(ctimer.o)
                0x0000000000009506                ctimer_reset
 .text.ctimer_stop
                0x0000000000009536       0x28 contiki-sky.a(ctimer.o)
                0x0000000000009536                ctimer_stop
 .text.energest_init
                0x000000000000955e       0x28 contiki-sky.a(energest.o)
                0x000000000000955e                energest_init
 .text.energest_type_time
                0x0000000000009586       0x46 contiki-sky.a(energest.o)
                0x0000000000009586                energest_type_time
 .text.energest_type_set
                0x00000000000095cc        0xe contiki-sky.a(energest.o)
                0x00000000000095cc                energest_type_set
 .text.energest_flush
                0x00000000000095da       0x48 contiki-sky.a(energest.o)
                0x00000000000095da                energest_flush
 .text.update_time
                0x0000000000009622       0x78 contiki-sky.a(etimer.o)
 .text.etimer_request_poll
                0x000000000000969a        0xa contiki-sky.a(etimer.o)
                0x000000000000969a                etimer_request_poll
 .text.process_thread_etimer_process
                0x00000000000096a4       0xc8 contiki-sky.a(etimer.o)
 .text.add_timer
                0x000000000000976c       0x40 contiki-sky.a(etimer.o)
 .text.etimer_set
                0x00000000000097ac       0x12 contiki-sky.a(etimer.o)
                0x00000000000097ac                etimer_set
 .text.etimer_reset
                0x00000000000097be       0x12 contiki-sky.a(etimer.o)
                0x00000000000097be                etimer_reset
 .text.etimer_restart
                0x00000000000097d0       0x12 contiki-sky.a(etimer.o)
                0x00000000000097d0                etimer_restart
 .text.etimer_expired
                0x00000000000097e2        0xe contiki-sky.a(etimer.o)
                0x00000000000097e2                etimer_expired
 .text.etimer_pending
                0x00000000000097f0        0xc contiki-sky.a(etimer.o)
                0x00000000000097f0                etimer_pending
 .text.etimer_next_expiration_time
                0x00000000000097fc       0x16 contiki-sky.a(etimer.o)
                0x00000000000097fc                etimer_next_expiration_time
 .text.etimer_stop
                0x0000000000009812       0x3c contiki-sky.a(etimer.o)
                0x0000000000009812                etimer_stop
 .text.call_process
                0x000000000000984e       0x4a contiki-sky.a(process.o)
 .text.exit_process
                0x0000000000009898       0x96 contiki-sky.a(process.o)
 .text.do_poll  0x000000000000992e       0x30 contiki-sky.a(process.o)
 .text.process_alloc_event
                0x000000000000995e        0xe contiki-sky.a(process.o)
                0x000000000000995e                process_alloc_event
 .text.process_exit
                0x000000000000996c        0xa contiki-sky.a(process.o)
                0x000000000000996c                process_exit
 .text.process_init
                0x0000000000009976       0x1c contiki-sky.a(process.o)
                0x0000000000009976                process_init
 .text.process_run
                0x0000000000009992       0xa2 contiki-sky.a(process.o)
                0x0000000000009992                process_run
 .text.process_nevents
                0x0000000000009a34        0xe contiki-sky.a(process.o)
                0x0000000000009a34                process_nevents
 .text.process_post
                0x0000000000009a42       0x54 contiki-sky.a(process.o)
                0x0000000000009a42                process_post
 .text.process_post_synch
                0x0000000000009a96       0x12 contiki-sky.a(process.o)
                0x0000000000009a96                process_post_synch
 .text.process_start
                0x0000000000009aa8       0x32 contiki-sky.a(process.o)
                0x0000000000009aa8                process_start
 .text.process_poll
                0x0000000000009ada       0x18 contiki-sky.a(process.o)
                0x0000000000009ada                process_poll
 .text.process_is_running
                0x0000000000009af2        0xe contiki-sky.a(process.o)
                0x0000000000009af2                process_is_running
 .text.rtimer_init
                0x0000000000009b00        0x6 contiki-sky.a(rtimer.o)
                0x0000000000009b00                rtimer_init
 .text.rtimer_run_next
                0x0000000000009b06       0x26 contiki-sky.a(rtimer.o)
                0x0000000000009b06                rtimer_run_next
 .text.timer_set
                0x0000000000009b2c       0x1c contiki-sky.a(timer.o)
                0x0000000000009b2c                timer_set
 .text.timer_reset
                0x0000000000009b48        0xe contiki-sky.a(timer.o)
                0x0000000000009b48                timer_reset
 .text.timer_restart
                0x0000000000009b56       0x14 contiki-sky.a(timer.o)
                0x0000000000009b56                timer_restart
 .text.timer_expired
                0x0000000000009b6a       0x2a contiki-sky.a(timer.o)
                0x0000000000009b6a                timer_expired
 .text.process_thread_serial_line_process
                0x0000000000009b94       0x9c contiki-sky.a(serial-line.o)
 .text.serial_line_input_byte
                0x0000000000009c30       0x4a contiki-sky.a(serial-line.o)
                0x0000000000009c30                serial_line_input_byte
 .text.serial_line_init
                0x0000000000009c7a       0x1c contiki-sky.a(serial-line.o)
                0x0000000000009c7a                serial_line_init
 .text.list_init
                0x0000000000009c96        0x6 contiki-sky.a(list.o)
                0x0000000000009c96                list_init
 .text.list_head
                0x0000000000009c9c        0x4 contiki-sky.a(list.o)
                0x0000000000009c9c                list_head
 .text.list_tail
                0x0000000000009ca0       0x12 contiki-sky.a(list.o)
                0x0000000000009ca0                list_tail
 .text.list_chop
                0x0000000000009cb2       0x24 contiki-sky.a(list.o)
                0x0000000000009cb2                list_chop
 .text.list_remove
                0x0000000000009cd6       0x34 contiki-sky.a(list.o)
                0x0000000000009cd6                list_remove
 .text.list_push
                0x0000000000009d0a       0x1a contiki-sky.a(list.o)
                0x0000000000009d0a                list_push
 .text.list_add
                0x0000000000009d24       0x2a contiki-sky.a(list.o)
                0x0000000000009d24                list_add
 .text.list_insert
                0x0000000000009d4e       0x16 contiki-sky.a(list.o)
                0x0000000000009d4e                list_insert
 .text.list_item_next
                0x0000000000009d64        0xc contiki-sky.a(list.o)
                0x0000000000009d64                list_item_next
 .text.random_init
                0x0000000000009d70        0x6 contiki-sky.a(random.o)
                0x0000000000009d70                random_init
 .text.random_rand
                0x0000000000009d76        0x6 contiki-sky.a(random.o)
                0x0000000000009d76                random_rand
 .text.ringbuf_init
                0x0000000000009d7c       0x14 contiki-sky.a(ringbuf.o)
                0x0000000000009d7c                ringbuf_init
 .text.ringbuf_put
                0x0000000000009d90       0x38 contiki-sky.a(ringbuf.o)
                0x0000000000009d90                ringbuf_put
 .text.ringbuf_get
                0x0000000000009dc8       0x32 contiki-sky.a(ringbuf.o)
                0x0000000000009dc8                ringbuf_get
 .text.uip_fw_output
                0x0000000000009dfa       0xf4 contiki-sky.a(uip-fw.o)
                0x0000000000009dfa                uip_fw_output
 .text.uip_fw_forward
                0x0000000000009eee      0x166 contiki-sky.a(uip-fw.o)
                0x0000000000009eee                uip_fw_forward
 .text.uip_fw_default
                0x000000000000a054        0x6 contiki-sky.a(uip-fw.o)
                0x000000000000a054                uip_fw_default
 .text.uip_fw_periodic
                0x000000000000a05a       0x1c contiki-sky.a(uip-fw.o)
                0x000000000000a05a                uip_fw_periodic
 .text.process_thread_uip_fw_process
                0x000000000000a076       0x3c contiki-sky.a(uip-fw-drv.o)
 .text.chksum   0x000000000000a0b2       0x32 contiki-sky.a(uip.o)
 .text.upper_layer_chksum
                0x000000000000a0e4       0x42 contiki-sky.a(uip.o)
 .text.uip_add32
                0x000000000000a126       0x68 contiki-sky.a(uip.o)
                0x000000000000a126                uip_add32
 .text.unlikely.uip_add_rcv_nxt
                0x000000000000a18e       0x2c contiki-sky.a(uip.o)
 .text.uip_chksum
                0x000000000000a1ba       0x18 contiki-sky.a(uip.o)
                0x000000000000a1ba                uip_chksum
 .text.uip_tcpchksum
                0x000000000000a1d2        0xa contiki-sky.a(uip.o)
                0x000000000000a1d2                uip_tcpchksum
 .text.uip_udpchksum
                0x000000000000a1dc        0xa contiki-sky.a(uip.o)
                0x000000000000a1dc                uip_udpchksum
 .text.uip_init
                0x000000000000a1e6       0x50 contiki-sky.a(uip.o)
                0x000000000000a1e6                uip_init
 .text.uip_connect
                0x000000000000a236      0x10a contiki-sky.a(uip.o)
                0x000000000000a236                uip_connect
 .text.uip_udp_new
                0x000000000000a340       0xc2 contiki-sky.a(uip.o)
                0x000000000000a340                uip_udp_new
 .text.uip_unlisten
                0x000000000000a402       0x2a contiki-sky.a(uip.o)
                0x000000000000a402                uip_unlisten
 .text.uip_listen
                0x000000000000a42c       0x2c contiki-sky.a(uip.o)
                0x000000000000a42c                uip_listen
 .text.uip_process
                0x000000000000a458      0xc82 contiki-sky.a(uip.o)
                0x000000000000a458                uip_process
 .text.uip_htons
                0x000000000000b0da        0xc contiki-sky.a(uip.o)
                0x000000000000b0da                uip_htons
 .text.uip_send
                0x000000000000b0e6       0x58 contiki-sky.a(uip.o)
                0x000000000000b0e6                uip_send
 .text.timedout
                0x000000000000b13e       0x12 contiki-sky.a(uip-over-mesh.o)
 .text.new_route
                0x000000000000b150       0x36 contiki-sky.a(uip-over-mesh.o)
 .text.recv_data
                0x000000000000b186       0x72 contiki-sky.a(uip-over-mesh.o)
 .text.uip_over_mesh_init
                0x000000000000b1f8       0x54 contiki-sky.a(uip-over-mesh.o)
                0x000000000000b1f8                uip_over_mesh_init
 .text.uip_over_mesh_send
                0x000000000000b24c       0xe8 contiki-sky.a(uip-over-mesh.o)
                0x000000000000b24c                uip_over_mesh_send
 .text.uip_over_mesh_set_gateway_netif
                0x000000000000b334        0x6 contiki-sky.a(uip-over-mesh.o)
                0x000000000000b334                uip_over_mesh_set_gateway_netif
 .text.uip_over_mesh_set_gateway
                0x000000000000b33a        0xc contiki-sky.a(uip-over-mesh.o)
                0x000000000000b33a                uip_over_mesh_set_gateway
 .text.gateway_announce_recv
                0x000000000000b346       0x10 contiki-sky.a(uip-over-mesh.o)
 .text.uip_over_mesh_make_announced_gateway
                0x000000000000b356       0x32 contiki-sky.a(uip-over-mesh.o)
                0x000000000000b356                uip_over_mesh_make_announced_gateway
 .text.uip_over_mesh_set_net
                0x000000000000b388       0x16 contiki-sky.a(uip-over-mesh.o)
                0x000000000000b388                uip_over_mesh_set_net
 .text.uiplib_ip4addrconv
                0x000000000000b39e       0x8a contiki-sky.a(uiplib.o)
                0x000000000000b39e                uiplib_ip4addrconv
 .text.start_periodic_tcp_timer
                0x000000000000b428       0x16 contiki-sky.a(tcpip.o)
 .text.tcpip_output
                0x000000000000b43e       0x10 contiki-sky.a(tcpip.o)
                0x000000000000b43e                tcpip_output
 .text.process_thread_tcpip_process
                0x000000000000b44e      0x1ce contiki-sky.a(tcpip.o)
 .text.tcpip_set_outputfunc
                0x000000000000b61c        0x6 contiki-sky.a(tcpip.o)
                0x000000000000b61c                tcpip_set_outputfunc
 .text.tcp_listen
                0x000000000000b622       0x34 contiki-sky.a(tcpip.o)
                0x000000000000b622                tcp_listen
 .text.tcp_attach
                0x000000000000b656        0xc contiki-sky.a(tcpip.o)
                0x000000000000b656                tcp_attach
 .text.udp_new  0x000000000000b662       0x1a contiki-sky.a(tcpip.o)
                0x000000000000b662                udp_new
 .text.tcpip_input
                0x000000000000b67c       0x12 contiki-sky.a(tcpip.o)
                0x000000000000b67c                tcpip_input
 .text.tcpip_poll_udp
                0x000000000000b68e        0xe contiki-sky.a(tcpip.o)
                0x000000000000b68e                tcpip_poll_udp
 .text.tcpip_poll_tcp
                0x000000000000b69c        0xe contiki-sky.a(tcpip.o)
                0x000000000000b69c                tcpip_poll_tcp
 .text.tcp_connect
                0x000000000000b6aa       0x26 contiki-sky.a(tcpip.o)
                0x000000000000b6aa                tcp_connect
 .text.tcpip_uipcall
                0x000000000000b6d0       0x72 contiki-sky.a(tcpip.o)
                0x000000000000b6d0                tcpip_uipcall
 .text.skip_name
                0x000000000000b742       0x14 contiki-sky.a(resolv.o)
 .text.resolv_found.isra.0
                0x000000000000b756        0xe contiki-sky.a(resolv.o)
 .text.process_thread_resolv_process
                0x000000000000b764      0x404 contiki-sky.a(resolv.o)
 .text.resolv_query
                0x000000000000bb68      0x116 contiki-sky.a(resolv.o)
                0x000000000000bb68                resolv_query
 .text.resolv_lookup
                0x000000000000bc7e       0xb2 contiki-sky.a(resolv.o)
                0x000000000000bc7e                resolv_lookup
 .text.uip_nameserver_get
                0x000000000000bd30        0xe contiki-sky.a(uip-nameserver.)
                0x000000000000bd30                uip_nameserver_get
 .text.input    0x000000000000bd3e       0x3a contiki-sky.a(rime.o)
 .text.init     0x000000000000bd78       0x2e contiki-sky.a(rime.o)
 .text.packet_sent
                0x000000000000bda6       0x44 contiki-sky.a(rime.o)
 .text.rime_output
                0x000000000000bdea       0x24 contiki-sky.a(rime.o)
                0x000000000000bdea                rime_output
 .text.adv_packet_sent
                0x000000000000be0e        0x2 contiki-sky.a(broadcast-annou)
 .text.adv_packet_received
                0x000000000000be10       0x66 contiki-sky.a(broadcast-annou)
 .text.set_timers
                0x000000000000be76       0x4a contiki-sky.a(broadcast-annou)
 .text.send_timer
                0x000000000000bec0       0x36 contiki-sky.a(broadcast-annou)
 .text.new_announcement
                0x000000000000bef6       0x18 contiki-sky.a(broadcast-annou)
 .text.send_adv
                0x000000000000bf0e       0x66 contiki-sky.a(broadcast-annou)
 .text.broadcast_announcement_init
                0x000000000000bf74       0x48 contiki-sky.a(broadcast-annou)
                0x000000000000bf74                broadcast_announcement_init
 .text.send     0x000000000000bfbc       0x1c contiki-sky.a(trickle.o)
 .text.run_trickle
                0x000000000000bfd8       0xbe contiki-sky.a(trickle.o)
 .text.timer_callback
                0x000000000000c096        0x6 contiki-sky.a(trickle.o)
 .text.recv     0x000000000000c09c       0x86 contiki-sky.a(trickle.o)
 .text.trickle_open
                0x000000000000c122       0x44 contiki-sky.a(trickle.o)
                0x000000000000c122                trickle_open
 .text.trickle_send
                0x000000000000c166       0x3e contiki-sky.a(trickle.o)
                0x000000000000c166                trickle_send
 .text.abc_open
                0x000000000000c1a4       0x26 contiki-sky.a(abc.o)
                0x000000000000c1a4                abc_open
 .text.abc_send
                0x000000000000c1ca        0x6 contiki-sky.a(abc.o)
                0x000000000000c1ca                abc_send
 .text.abc_input
                0x000000000000c1d0        0xe contiki-sky.a(abc.o)
                0x000000000000c1d0                abc_input
 .text.abc_sent
                0x000000000000c1de       0x10 contiki-sky.a(abc.o)
                0x000000000000c1de                abc_sent
 .text.announcement_init
                0x000000000000c1ee        0xa contiki-sky.a(announcement.o)
                0x000000000000c1ee                announcement_init
 .text.announcement_register_observer_callback
                0x000000000000c1f8        0x6 contiki-sky.a(announcement.o)
                0x000000000000c1f8                announcement_register_observer_callback
 .text.announcement_list
                0x000000000000c1fe        0xa contiki-sky.a(announcement.o)
                0x000000000000c1fe                announcement_list
 .text.announcement_heard
                0x000000000000c208       0x42 contiki-sky.a(announcement.o)
                0x000000000000c208                announcement_heard
 .text.chameleon_init
                0x000000000000c24a        0x6 contiki-sky.a(chameleon.o)
                0x000000000000c24a                chameleon_init
 .text.chameleon_parse
                0x000000000000c250       0x10 contiki-sky.a(chameleon.o)
                0x000000000000c250                chameleon_parse
 .text.chameleon_create
                0x000000000000c260       0x1c contiki-sky.a(chameleon.o)
                0x000000000000c260                chameleon_create
 .text.chameleon_hdrsize
                0x000000000000c27c        0x6 contiki-sky.a(chameleon.o)
                0x000000000000c27c                chameleon_hdrsize
 .text.channel_init
                0x000000000000c282        0xa contiki-sky.a(channel.o)
                0x000000000000c282                channel_init
 .text.channel_open
                0x000000000000c28c       0x10 contiki-sky.a(channel.o)
                0x000000000000c28c                channel_open
 .text.channel_lookup
                0x000000000000c29c       0x20 contiki-sky.a(channel.o)
                0x000000000000c29c                channel_lookup
 .text.channel_set_attributes
                0x000000000000c2bc       0x24 contiki-sky.a(channel.o)
                0x000000000000c2bc                channel_set_attributes
 .text.sent_by_abc
                0x000000000000c2e0       0x10 contiki-sky.a(broadcast.o)
 .text.recv_from_abc
                0x000000000000c2f0       0x26 contiki-sky.a(broadcast.o)
 .text.broadcast_open
                0x000000000000c316       0x2a contiki-sky.a(broadcast.o)
                0x000000000000c316                broadcast_open
 .text.broadcast_send
                0x000000000000c340       0x1a contiki-sky.a(broadcast.o)
                0x000000000000c340                broadcast_send
 .text.timeout_handler
                0x000000000000c35a       0x14 contiki-sky.a(route-discovery)
 .text.rrep_packet_received
                0x000000000000c36e       0xa0 contiki-sky.a(route-discovery)
 .text.rreq_packet_received
                0x000000000000c40e       0xd0 contiki-sky.a(route-discovery)
 .text.route_discovery_open
                0x000000000000c4de       0x30 contiki-sky.a(route-discovery)
                0x000000000000c4de                route_discovery_open
 .text.route_discovery_discover
                0x000000000000c50e       0x6e contiki-sky.a(route-discovery)
                0x000000000000c50e                route_discovery_discover
 .text.sent_by_broadcast
                0x000000000000c57c       0x10 contiki-sky.a(unicast.o)
 .text.recv_from_broadcast
                0x000000000000c58c       0x2e contiki-sky.a(unicast.o)
 .text.unicast_open
                0x000000000000c5ba       0x2a contiki-sky.a(unicast.o)
                0x000000000000c5ba                unicast_open
 .text.unicast_send
                0x000000000000c5e4       0x16 contiki-sky.a(unicast.o)
                0x000000000000c5e4                unicast_send
 .text.periodic
                0x000000000000c5fa       0x58 contiki-sky.a(route.o)
 .text.route_init
                0x000000000000c652       0x28 contiki-sky.a(route.o)
                0x000000000000c652                route_init
 .text.route_lookup
                0x000000000000c67a       0x4c contiki-sky.a(route.o)
                0x000000000000c67a                route_lookup
 .text.route_add
                0x000000000000c6c6       0x88 contiki-sky.a(route.o)
                0x000000000000c6c6                route_add
 .text.route_refresh
                0x000000000000c74e        0xe contiki-sky.a(route.o)
                0x000000000000c74e                route_refresh
 .text.route_remove
                0x000000000000c75c       0x1c contiki-sky.a(route.o)
                0x000000000000c75c                route_remove
 .text.route_decay
                0x000000000000c778       0x22 contiki-sky.a(route.o)
                0x000000000000c778                route_decay
 .text.route_set_lifetime
                0x000000000000c79a        0x6 contiki-sky.a(route.o)
                0x000000000000c79a                route_set_lifetime
 .text.send_packet
                0x000000000000c7a0        0x6 contiki-sky.a(nullmac.o)
 .text.packet_input
                0x000000000000c7a6        0x6 contiki-sky.a(nullmac.o)
 .text.on       0x000000000000c7ac        0x6 contiki-sky.a(nullmac.o)
 .text.off      0x000000000000c7b2        0x6 contiki-sky.a(nullmac.o)
 .text.channel_check_interval
                0x000000000000c7b8        0x4 contiki-sky.a(nullmac.o)
 .text.init     0x000000000000c7bc        0x2 contiki-sky.a(nullmac.o)
 .text.on       0x000000000000c7be        0x6 contiki-sky.a(nullrdc.o)
 .text.channel_check_interval
                0x000000000000c7c4        0x4 contiki-sky.a(nullrdc.o)
 .text.init     0x000000000000c7c8        0x6 contiki-sky.a(nullrdc.o)
 .text.send_one_packet
                0x000000000000c7ce       0x6a contiki-sky.a(nullrdc.o)
 .text.send_list
                0x000000000000c838       0x30 contiki-sky.a(nullrdc.o)
 .text.send_packet
                0x000000000000c868        0x6 contiki-sky.a(nullrdc.o)
 .text.off      0x000000000000c86e       0x10 contiki-sky.a(nullrdc.o)
 .text.packet_input
                0x000000000000c87e       0x26 contiki-sky.a(nullrdc.o)
 .text.mac_call_sent_callback
                0x000000000000c8a4       0x14 contiki-sky.a(mac.o)
                0x000000000000c8a4                mac_call_sent_callback
 .text.queuebuf_init
                0x000000000000c8b8       0x12 contiki-sky.a(queuebuf.o)
                0x000000000000c8b8                queuebuf_init
 .text.queuebuf_new_from_packetbuf
                0x000000000000c8ca       0x52 contiki-sky.a(queuebuf.o)
                0x000000000000c8ca                queuebuf_new_from_packetbuf
 .text.queuebuf_free
                0x000000000000c91c       0x2a contiki-sky.a(queuebuf.o)
                0x000000000000c91c                queuebuf_free
 .text.queuebuf_to_packetbuf
                0x000000000000c946       0x32 contiki-sky.a(queuebuf.o)
                0x000000000000c946                queuebuf_to_packetbuf
 .text.queuebuf_dataptr
                0x000000000000c978       0x1c contiki-sky.a(queuebuf.o)
                0x000000000000c978                queuebuf_dataptr
 .text.queuebuf_datalen
                0x000000000000c994        0x8 contiki-sky.a(queuebuf.o)
                0x000000000000c994                queuebuf_datalen
 .text.packetbuf_compact
                0x000000000000c99c       0x2e contiki-sky.a(packetbuf.o)
                0x000000000000c99c                packetbuf_compact
 .text.packetbuf_copyto
                0x000000000000c9ca       0x52 contiki-sky.a(packetbuf.o)
                0x000000000000c9ca                packetbuf_copyto
 .text.packetbuf_hdrreduce
                0x000000000000ca1c       0x1a contiki-sky.a(packetbuf.o)
                0x000000000000ca1c                packetbuf_hdrreduce
 .text.packetbuf_set_datalen
                0x000000000000ca36        0x6 contiki-sky.a(packetbuf.o)
                0x000000000000ca36                packetbuf_set_datalen
 .text.packetbuf_dataptr
                0x000000000000ca3c        0xe contiki-sky.a(packetbuf.o)
                0x000000000000ca3c                packetbuf_dataptr
 .text.packetbuf_hdrptr
                0x000000000000ca4a        0xa contiki-sky.a(packetbuf.o)
                0x000000000000ca4a                packetbuf_hdrptr
 .text.packetbuf_datalen
                0x000000000000ca54        0x6 contiki-sky.a(packetbuf.o)
                0x000000000000ca54                packetbuf_datalen
 .text.packetbuf_hdrlen
                0x000000000000ca5a       0x10 contiki-sky.a(packetbuf.o)
                0x000000000000ca5a                packetbuf_hdrlen
 .text.packetbuf_totlen
                0x000000000000ca6a        0xc contiki-sky.a(packetbuf.o)
                0x000000000000ca6a                packetbuf_totlen
 .text.packetbuf_hdralloc
                0x000000000000ca76       0x2e contiki-sky.a(packetbuf.o)
                0x000000000000ca76                packetbuf_hdralloc
 .text.packetbuf_attr_clear
                0x000000000000caa4       0x2c contiki-sky.a(packetbuf.o)
                0x000000000000caa4                packetbuf_attr_clear
 .text.packetbuf_clear
                0x000000000000cad0       0x1a contiki-sky.a(packetbuf.o)
                0x000000000000cad0                packetbuf_clear
 .text.packetbuf_copyfrom
                0x000000000000caea       0x2e contiki-sky.a(packetbuf.o)
                0x000000000000caea                packetbuf_copyfrom
 .text.packetbuf_attr_copyto
                0x000000000000cb18       0x20 contiki-sky.a(packetbuf.o)
                0x000000000000cb18                packetbuf_attr_copyto
 .text.packetbuf_attr_copyfrom
                0x000000000000cb38       0x22 contiki-sky.a(packetbuf.o)
                0x000000000000cb38                packetbuf_attr_copyfrom
 .text.packetbuf_holds_broadcast
                0x000000000000cb5a        0xe contiki-sky.a(packetbuf.o)
                0x000000000000cb5a                packetbuf_holds_broadcast
 .text.linkaddr_copy
                0x000000000000cb68        0xc contiki-sky.a(linkaddr.o)
                0x000000000000cb68                linkaddr_copy
 .text.linkaddr_cmp
                0x000000000000cb74       0x12 contiki-sky.a(linkaddr.o)
                0x000000000000cb74                linkaddr_cmp
 .text.linkaddr_set_node_addr
                0x000000000000cb86        0xc contiki-sky.a(linkaddr.o)
                0x000000000000cb86                linkaddr_set_node_addr
 .text.hdr_length
                0x000000000000cb92        0x8 contiki-sky.a(contikimac-fram)
 .text.parse    0x000000000000cb9a       0x3e contiki-sky.a(contikimac-fram)
 .text.create   0x000000000000cbd8       0x2a contiki-sky.a(contikimac-fram)
 .text.create_and_secure
                0x000000000000cc02       0x6a contiki-sky.a(contikimac-fram)
 .text.bootstrap
                0x000000000000cc6c        0x4 contiki-sky.a(nullsec.o)
 .text.send     0x000000000000cc70        0xa contiki-sky.a(nullsec.o)
 .text.on_frame_created
                0x000000000000cc7a        0x4 contiki-sky.a(nullsec.o)
 .text.input    0x000000000000cc7e        0x6 contiki-sky.a(nullsec.o)
 .text.get_overhead
                0x000000000000cc84        0x4 contiki-sky.a(nullsec.o)
 .text.psock_send
                0x000000000000cc88       0xaa contiki-sky.a(psock.o)
                0x000000000000cc88                psock_send
 .text.psock_datalen
                0x000000000000cd32        0xc contiki-sky.a(psock.o)
                0x000000000000cd32                psock_datalen
 .text.psock_newdata
                0x000000000000cd3e       0x26 contiki-sky.a(psock.o)
                0x000000000000cd3e                psock_newdata
 .text.psock_readto
                0x000000000000cd64       0xa6 contiki-sky.a(psock.o)
                0x000000000000cd64                psock_readto
 .text.psock_init
                0x000000000000ce0a       0x22 contiki-sky.a(psock.o)
                0x000000000000ce0a                psock_init
 .text.memb_init
                0x000000000000ce2c       0x36 contiki-sky.a(memb.o)
                0x000000000000ce2c                memb_init
 .text.memb_alloc
                0x000000000000ce62       0x3e contiki-sky.a(memb.o)
                0x000000000000ce62                memb_alloc
 .text.memb_free
                0x000000000000cea0       0x3a contiki-sky.a(memb.o)
                0x000000000000cea0                memb_free
 .text.memb_inmemb
                0x000000000000ceda       0x2e contiki-sky.a(memb.o)
                0x000000000000ceda                memb_inmemb
 .text.spi_init
                0x000000000000cf08       0x32 contiki-sky.a(spi.o)
                0x000000000000cf08                spi_init
 .text.uip_ipchksum
                0x000000000000cf3a       0x32 contiki-sky.a(uip-ipchksum.o)
                0x000000000000cf3a                uip_ipchksum
 .text.uip_udp_packet_send
                0x000000000000cf6c       0x34 contiki-sky.a(uip-udp-packet.)
                0x000000000000cf6c                uip_udp_packet_send
 .text.uip_udp_packet_sendto
                0x000000000000cfa0       0x42 contiki-sky.a(uip-udp-packet.)
                0x000000000000cfa0                uip_udp_packet_sendto
 .text.header_size
                0x000000000000cfe2       0x16 contiki-sky.a(chameleon-bitop)
 .text.get_bits_in_byte
                0x000000000000cff8       0x3a contiki-sky.a(chameleon-bitop)
                0x000000000000cff8                get_bits_in_byte
 .text.get_bits
                0x000000000000d032       0xa4 contiki-sky.a(chameleon-bitop)
                0x000000000000d032                get_bits
 .text.unpack_header
                0x000000000000d0d6       0xd6 contiki-sky.a(chameleon-bitop)
 .text.set_bits_in_byte
                0x000000000000d1ac       0x2c contiki-sky.a(chameleon-bitop)
                0x000000000000d1ac                set_bits_in_byte
 .text.set_bits
                0x000000000000d1d8       0xd2 contiki-sky.a(chameleon-bitop)
                0x000000000000d1d8                set_bits
 .text.pack_header
                0x000000000000d2aa       0xbc contiki-sky.a(chameleon-bitop)
 .text.sent     0x000000000000d366       0x10 contiki-sky.a(netflood.o)
 .text.dropped  0x000000000000d376       0x10 contiki-sky.a(netflood.o)
 .text.recv_from_ipolite
                0x000000000000d386       0xf2 contiki-sky.a(netflood.o)
 .text.netflood_open
                0x000000000000d478       0x2e contiki-sky.a(netflood.o)
                0x000000000000d478                netflood_open
 .text.netflood_send
                0x000000000000d4a6       0x62 contiki-sky.a(netflood.o)
                0x000000000000d4a6                netflood_send
 .text.sent     0x000000000000d508        0x2 contiki-sky.a(ipolite.o)
 .text.recv     0x000000000000d50a       0xa6 contiki-sky.a(ipolite.o)
 .text.send     0x000000000000d5b0       0x36 contiki-sky.a(ipolite.o)
 .text.ipolite_open
                0x000000000000d5e6       0x24 contiki-sky.a(ipolite.o)
                0x000000000000d5e6                ipolite_open
 .text.ipolite_send
                0x000000000000d60a       0xaa contiki-sky.a(ipolite.o)
                0x000000000000d60a                ipolite_send
 .text.parse    0x000000000000d6b4       0x9e contiki-sky.a(framer-802154.o)
 .text.create_frame.isra.0
                0x000000000000d752      0x104 contiki-sky.a(framer-802154.o)
 .text.create   0x000000000000d856        0x8 contiki-sky.a(framer-802154.o)
 .text.hdr_length
                0x000000000000d85e        0x8 contiki-sky.a(framer-802154.o)
 .text.field_len
                0x000000000000d866       0x98 contiki-sky.a(frame802154.o)
 .text.frame802154_hdrlen
                0x000000000000d8fe       0x2e contiki-sky.a(frame802154.o)
                0x000000000000d8fe                frame802154_hdrlen
 .text.frame802154_create
                0x000000000000d92c      0x146 contiki-sky.a(frame802154.o)
                0x000000000000d92c                frame802154_create
 .text.frame802154_parse
                0x000000000000da72      0x1da contiki-sky.a(frame802154.o)
                0x000000000000da72                frame802154_parse
 .text.framer_canonical_create_and_secure
                0x000000000000dc4c       0x20 contiki-sky.a(framer.o)
                0x000000000000dc4c                framer_canonical_create_and_secure
 .text.libgcc   0x000000000000dc6c       0x2c /usr/lib/gcc/msp430/4.6.3/mmpy-16/libgcc.a(_mulsi3.o)
                0x000000000000dc6c                __mulsi3
 .text.libgcc   0x000000000000dc98       0x22 /usr/lib/gcc/msp430/4.6.3/mmpy-16/libgcc.a(_udivmod16.o)
                0x000000000000dc98                __udivhi3
                0x000000000000dc98                __ext_udivmod16
                0x000000000000dcb2                __umodhi3
 .text.libgcc   0x000000000000dcba       0x40 /usr/lib/gcc/msp430/4.6.3/mmpy-16/libgcc.a(_udivmod32.o)
                0x000000000000dcba                __udivsi3
                0x000000000000dcba                __ext_udivmod32
                0x000000000000dcf0                __umodsi3
 .text.libgcc   0x000000000000dcfa       0x4c /usr/lib/gcc/msp430/4.6.3/mmpy-16/libgcc.a(_divmod32.o)
                0x000000000000dcfa                __ext_divmod32
                0x000000000000dcfa                __divsi3
                0x000000000000dd3c                __modsi3
 .text          0x000000000000dd46       0x12 /usr/lib/gcc/msp430/4.6.3/../../../../msp430/lib/mmpy-16/libc.a(strchr.o)
                0x000000000000dd46                strchr
 .text          0x000000000000dd58       0x1e /usr/lib/gcc/msp430/4.6.3/../../../../msp430/lib/mmpy-16/libc.a(strcmp.o)
                0x000000000000dd58                strcmp
 .text          0x000000000000dd76       0x28 /usr/lib/gcc/msp430/4.6.3/../../../../msp430/lib/mmpy-16/libc.a(strncmp.o)
                0x000000000000dd76                strncmp
 .text          0x000000000000dd9e       0x20 /usr/lib/gcc/msp430/4.6.3/../../../../msp430/lib/mmpy-16/libc.a(memcmp.o)
                0x000000000000dd9e                memcmp
 .text          0x000000000000ddbe       0x14 /usr/lib/gcc/msp430/4.6.3/../../../../msp430/lib/mmpy-16/libc.a(strcpy.o)
                0x000000000000ddbe                strcpy
 .text          0x000000000000ddd2       0x2a /usr/lib/gcc/msp430/4.6.3/../../../../msp430/lib/mmpy-16/libc.a(strncpy.o)
                0x000000000000ddd2                strncpy
 .text          0x000000000000ddfc       0xfa /usr/lib/gcc/msp430/4.6.3/../../../../msp430/lib/mmpy-16/libc.a(memcpy.o)
                0x000000000000ddfc                memcpy
 .text          0x000000000000def6       0x1e /usr/lib/gcc/msp430/4.6.3/../../../../msp430/lib/mmpy-16/libc.a(strrchr.o)
                0x000000000000def6                strrchr
 .text          0x000000000000df14       0x6a /usr/lib/gcc/msp430/4.6.3/../../../../msp430/lib/mmpy-16/libc.a(memset.o)
                0x000000000000df14                memset
 .text          0x000000000000df7e       0x7c /usr/lib/gcc/msp430/4.6.3/../../../../msp430/lib/mmpy-16/libc.a(strcasecmp.o)
                0x000000000000df7e                strcasecmp
 .text          0x000000000000dffa       0x1e /usr/lib/gcc/msp430/4.6.3/../../../../msp430/lib/mmpy-16/libc.a(printf.o)
                0x000000000000dffa                printf
                0x000000000000e00a                vprintf
 .text          0x000000000000e018       0xbc /usr/lib/gcc/msp430/4.6.3/../../../../msp430/lib/mmpy-16/libc.a(sprintf.o)
                0x000000000000e076                sprintf
                0x000000000000e092                snprintf
                0x000000000000e0ac                vsprintf
                0x000000000000e0c2                vsnprintf
 .text          0x000000000000e0d4      0x836 /usr/lib/gcc/msp430/4.6.3/../../../../msp430/lib/mmpy-16/libc.a(vuprintf.o)
                0x000000000000e26c                vuprintf
 .text          0x000000000000e90a       0x2c /usr/lib/gcc/msp430/4.6.3/../../../../msp430/lib/mmpy-16/libc.a(puts.o)
                0x000000000000e90a                puts
 .text          0x000000000000e936       0x54 /usr/lib/gcc/msp430/4.6.3/../../../../msp430/lib/mmpy-16/libc.a(rand.o)
                0x000000000000e936                rand_r
                0x000000000000e95a                rand
                0x000000000000e980                srand
 .text.libgcc   0x000000000000e98a       0xf0 /usr/lib/gcc/msp430/4.6.3/mmpy-16/libgcc.a(_udivmod64.o)
                0x000000000000e98a                __xabi_udivmod64
                0x000000000000e9e8                __udivdi3
                0x000000000000ea0e                __umoddi3
                0x000000000000ea3c                __udivmoddi4
 .text.crt0     0x000000000000ea7a        0x2 /usr/lib/gcc/msp430/4.6.3/mmpy-16/libcrt0.a(_unexpected_.o)
                0x000000000000ea7a                _unexpected_
                0x000000000000ea7c                . = ALIGN (0x2)

.rodata         0x000000000000ea7c      0xbd2
                0x000000000000ea7c                . = ALIGN (0x2)
 *(.rodata .rodata.* .gnu.linkonce.r.*)
 .rodata        0x000000000000ea7c       0x26 sky-shell-webserver.co
                0x000000000000ea7c                autostart_processes
 .rodata        0x000000000000eaa2        0xb obj_sky/webserver-nogui.o
 .rodata        0x000000000000eaad      0x15a obj_sky/contiki-sky-main.o
 .rodata        0x000000000000ec07       0x69 contiki-sky.a(httpd-cfs.o)
 .rodata        0x000000000000ec70        0xc contiki-sky.a(urlconv.o)
 .rodata        0x000000000000ec7c       0x24 contiki-sky.a(serial-shell.o)
 .rodata        0x000000000000eca0      0x19e contiki-sky.a(shell.o)
 .rodata        0x000000000000ee3e       0xbd contiki-sky.a(shell-text.o)
 .rodata        0x000000000000eefb      0x225 contiki-sky.a(shell-file.o)
 .rodata        0x000000000000f120       0xa7 contiki-sky.a(shell-wget.o)
 .rodata        0x000000000000f1c7        0x2 contiki-sky.a(webclient.o)
 .rodata        0x000000000000f1c9       0x4e contiki-sky.a(http-user-agent)
                0x000000000000f1c9                http_user_agent_fields
 *fill*         0x000000000000f217        0x1 00
 .rodata        0x000000000000f218       0x10 contiki-sky.a(button-sensor.o)
                0x000000000000f220                button_sensor
 .rodata        0x000000000000f228        0x8 contiki-sky.a(sensors.o)
 .rodata        0x000000000000f230       0x5a contiki-sky.a(cc2420.o)
                0x000000000000f24c                cc2420_aes_128_driver
                0x000000000000f250                cc2420_driver
 .rodata        0x000000000000f28a       0x26 contiki-sky.a(slip.o)
 .rodata        0x000000000000f2b0        0xf contiki-sky.a(ctimer.o)
 .rodata        0x000000000000f2bf        0xc contiki-sky.a(etimer.o)
 .rodata        0x000000000000f2cb        0xe contiki-sky.a(serial-line.o)
 .rodata        0x000000000000f2d9        0xe contiki-sky.a(uip-fw-drv.o)
 *fill*         0x000000000000f2e7        0x1 00
 .rodata        0x000000000000f2e8       0x28 contiki-sky.a(uip.o)
                0x000000000000f308                uip_all_zeroes_addr
                0x000000000000f30c                uip_broadcast_addr
 .rodata        0x000000000000f310        0xa contiki-sky.a(uip-over-mesh.o)
 .rodata        0x000000000000f31a        0xd contiki-sky.a(tcpip.o)
 .rodata        0x000000000000f327        0xd contiki-sky.a(resolv.o)
 .rodata        0x000000000000f334        0xc contiki-sky.a(rime.o)
                0x000000000000f33a                rime_driver
 .rodata        0x000000000000f340        0x4 contiki-sky.a(broadcast-annou)
 .rodata        0x000000000000f344        0xa contiki-sky.a(trickle.o)
 .rodata        0x000000000000f34e        0x2 contiki-sky.a(abc.o)
 .rodata        0x000000000000f350        0x8 contiki-sky.a(broadcast.o)
 .rodata        0x000000000000f358        0xa contiki-sky.a(route-discovery)
 .rodata        0x000000000000f362        0xa contiki-sky.a(unicast.o)
 .rodata        0x000000000000f36c       0x16 contiki-sky.a(nullmac.o)
                0x000000000000f374                nullmac_driver
 .rodata        0x000000000000f382       0x18 contiki-sky.a(nullrdc.o)
                0x000000000000f38a                nullrdc_driver
 .rodata        0x000000000000f39a        0x2 contiki-sky.a(linkaddr.o)
                0x000000000000f39a                linkaddr_null
 .rodata        0x000000000000f39c        0x8 contiki-sky.a(contikimac-fram)
                0x000000000000f39c                contikimac_framer
 .rodata        0x000000000000f3a4       0x14 contiki-sky.a(nullsec.o)
                0x000000000000f3ac                nullsec_driver
 .rodata        0x000000000000f3b8      0x26a contiki-sky.a(http-strings.o)
                0x000000000000f3b8                http_redirect
                0x000000000000f3cb                http_txt
                0x000000000000f3d0                http_text
                0x000000000000f3d6                http_jpg
                0x000000000000f3db                http_gif
                0x000000000000f3e0                http_png
                0x000000000000f3e5                http_css
                0x000000000000f3ea                http_htm
                0x000000000000f3ef                http_shtml
                0x000000000000f3f6                http_html
                0x000000000000f3fc                http_content_type_binary
                0x000000000000f427                http_content_type_jpg
                0x000000000000f444                http_content_type_gif
                0x000000000000f460                http_content_type_png
                0x000000000000f47c                http_content_type_text
                0x000000000000f498                http_content_type_css
                0x000000000000f4b3                http_content_type_html
                0x000000000000f4cf                http_content_type_plain
                0x000000000000f4ec                http_header_404
                0x000000000000f548                http_header_200
                0x000000000000f59d                http_referer
                0x000000000000f5a6                http_404_html
                0x000000000000f5b0                http_index_html
                0x000000000000f5bc                http_index_htm
                0x000000000000f5c7                http_crnl
                0x000000000000f5ca                http_host
                0x000000000000f5d1                http_location
                0x000000000000f5dc                http_content_type
                0x000000000000f5eb                http_11
                0x000000000000f5f4                http_10
                0x000000000000f5fd                http_get
                0x000000000000f602                http_302
                0x000000000000f607                http_301
                0x000000000000f60c                http_200
                0x000000000000f611                http_https
                0x000000000000f61a                http_http
 .rodata        0x000000000000f622       0x10 contiki-sky.a(chameleon-bitop)
                0x000000000000f622                chameleon_bitopt
 .rodata        0x000000000000f632        0x6 contiki-sky.a(netflood.o)
 .rodata        0x000000000000f638        0x4 contiki-sky.a(ipolite.o)
 .rodata        0x000000000000f63c        0x8 contiki-sky.a(framer-802154.o)
                0x000000000000f63c                framer_802154
 .rodata        0x000000000000f644        0x2 contiki-sky.a(frame802154.o)
 .rodata        0x000000000000f646        0x7 /usr/lib/gcc/msp430/4.6.3/../../../../msp430/lib/mmpy-16/libc.a(vuprintf.o)
                0x000000000000f64e                . = ALIGN (0x2)
 *fill*         0x000000000000f64d        0x1 00
                0x000000000000f64e                _etext = .

.data           0x0000000000001100      0x232 load address 0x000000000000f64e
                0x0000000000001100                . = ALIGN (0x2)
                0x0000000000001100                PROVIDE (__data_start, .)
 *(.data .data.* .gnu.linkonce.d.*)
 .data          0x0000000000001100        0xa sky-shell-webserver.co
                0x0000000000001100                sky_shell_process
 .data          0x000000000000110a        0xa obj_sky/webserver-nogui.o
                0x000000000000110a                webserver_nogui_process
 .data          0x0000000000001114       0x18 obj_sky/contiki-sky-main.o
 .data          0x000000000000112c        0x8 contiki-sky.a(httpd-cfs.o)
 .data          0x0000000000001134        0xa contiki-sky.a(serial-shell.o)
                0x0000000000001134                serial_shell_process
 .data          0x000000000000113e       0xac contiki-sky.a(shell.o)
                0x000000000000113e                shell_exit_process
                0x0000000000001148                shell_null_process
                0x0000000000001152                shell_kill_process
                0x000000000000115c                shell_killall_process
                0x0000000000001166                help_command_process
                0x0000000000001170                shell_server_process
                0x000000000000117a                shell_process
 .data          0x00000000000011ea       0x50 contiki-sky.a(shell-text.o)
                0x00000000000011ea                shell_size_process
                0x00000000000011f4                shell_hd_process
                0x00000000000011fe                shell_binprint_process
                0x0000000000001208                shell_echo_process
 .data          0x000000000000123a       0x66 contiki-sky.a(shell-file.o)
                0x000000000000123a                shell_rm_process
                0x0000000000001244                shell_read_process
                0x000000000000124e                shell_write_process
                0x0000000000001258                shell_append_process
                0x0000000000001262                shell_ls_process
 .data          0x00000000000012a0       0x14 contiki-sky.a(shell-wget.o)
                0x00000000000012a0                shell_wget_process
 .data          0x00000000000012b4        0x4 contiki-sky.a(contiki-sky-pla)
                0x00000000000012b4                sensors
 .data          0x00000000000012b8        0xa contiki-sky.a(sensors.o)
                0x00000000000012b8                sensors_process
 .data          0x00000000000012c2        0xa contiki-sky.a(cc2420.o)
                0x00000000000012c2                cc2420_process
 .data          0x00000000000012cc        0xa contiki-sky.a(slip.o)
                0x00000000000012cc                slip_process
 .data          0x00000000000012d6        0x2 contiki-sky.a(msp430.o)
 .data          0x00000000000012d8        0xa contiki-sky.a(ctimer.o)
                0x00000000000012d8                ctimer_process
 .data          0x00000000000012e2        0xa contiki-sky.a(etimer.o)
                0x00000000000012e2                etimer_process
 .data          0x00000000000012ec        0xa contiki-sky.a(serial-line.o)
                0x00000000000012ec                serial_line_process
 .data          0x00000000000012f6        0xa contiki-sky.a(uip-fw-drv.o)
                0x00000000000012f6                uip_fw_process
 .data          0x0000000000001300        0xa contiki-sky.a(tcpip.o)
                0x0000000000001300                tcpip_process
 .data          0x000000000000130a        0xa contiki-sky.a(resolv.o)
                0x000000000000130a                resolv_process
 .data          0x0000000000001314        0xa contiki-sky.a(route.o)
 .data          0x000000000000131e       0x10 contiki-sky.a(queuebuf.o)
 .data          0x000000000000132e        0x4 /usr/lib/gcc/msp430/4.6.3/../../../../msp430/lib/mmpy-16/libc.a(rand.o)
                0x0000000000001332                . = ALIGN (0x2)
                0x0000000000001332                _edata = .
                0x000000000000f64e                PROVIDE (__data_load_start, LOADADDR (.data))
                0x0000000000000232                PROVIDE (__data_size, SIZEOF (.data))

.bss            0x0000000000001332     0x1f48 load address 0x000000000000f880
                0x0000000000001332                PROVIDE (__bss_start, .)
 *(.bss .bss.*)
 .bss           0x0000000000001332        0xe obj_sky/contiki-sky-main.o
 .bss           0x0000000000001340      0x4ac contiki-sky.a(httpd-cfs.o)
 .bss           0x00000000000017ec       0x30 contiki-sky.a(urlconv.o)
 .bss           0x000000000000181c       0x16 contiki-sky.a(shell.o)
 .bss           0x0000000000001832        0x4 contiki-sky.a(shell-text.o)
 .bss           0x0000000000001836       0x2a contiki-sky.a(shell-file.o)
 .bss           0x0000000000001860       0xa6 contiki-sky.a(shell-wget.o)
 .bss           0x0000000000001906      0x25c contiki-sky.a(webclient.o)
 .bss           0x0000000000001b62        0x8 contiki-sky.a(button-sensor.o)
 .bss           0x0000000000001b6a        0x2 contiki-sky.a(node-id.o)
                0x0000000000001b6a                node_id
 .bss           0x0000000000001b6c        0x6 contiki-sky.a(sensors.o)
 .bss           0x0000000000001b72       0x90 contiki-sky.a(cfs-coffee.o)
 .bss           0x0000000000001c02        0x8 contiki-sky.a(cc2420.o)
 .bss           0x0000000000001c0a       0x9a contiki-sky.a(uart1.o)
 .bss           0x0000000000001ca4        0x1 contiki-sky.a(slip_uart1.o)
 *fill*         0x0000000000001ca5        0x1 00
 .bss           0x0000000000001ca6       0x88 contiki-sky.a(slip.o)
 .bss           0x0000000000001d2e        0xa contiki-sky.a(clock.o)
 .bss           0x0000000000001d38        0x1 contiki-sky.a(leds.o)
 *fill*         0x0000000000001d39        0x1 00
 .bss           0x0000000000001d3a        0x2 contiki-sky.a(watchdog.o)
 .bss           0x0000000000001d3c        0x4 contiki-sky.a(ctimer.o)
 .bss           0x0000000000001d40        0x6 contiki-sky.a(etimer.o)
 .bss           0x0000000000001d46       0x42 contiki-sky.a(process.o)
                0x0000000000001d46                process_current
                0x0000000000001d48                process_list
 .bss           0x0000000000001d88        0x2 contiki-sky.a(rtimer.o)
 .bss           0x0000000000001d8a      0x10a contiki-sky.a(serial-line.o)
 .bss           0x0000000000001e94      0x1a8 contiki-sky.a(uip-fw.o)
 .bss           0x000000000000203c       0x14 contiki-sky.a(uip.o)
                0x000000000000203c                uip_lladdr
 .bss           0x0000000000002050       0xd2 contiki-sky.a(uip-over-mesh.o)
 .bss           0x0000000000002122       0x36 contiki-sky.a(tcpip.o)
 .bss           0x0000000000002158       0xee contiki-sky.a(resolv.o)
 .bss           0x0000000000002246        0x8 contiki-sky.a(uip-nameserver.)
 .bss           0x000000000000224e        0x2 contiki-sky.a(rime.o)
 .bss           0x0000000000002250       0x46 contiki-sky.a(broadcast-annou)
 .bss           0x0000000000002296        0x6 contiki-sky.a(announcement.o)
 .bss           0x000000000000229c        0x2 contiki-sky.a(channel.o)
 .bss           0x000000000000229e        0x1 contiki-sky.a(route-discovery)
 *fill*         0x000000000000229f        0x1 00
 .bss           0x00000000000022a0       0x7e contiki-sky.a(route.o)
 .bss           0x000000000000231e      0xc20 contiki-sky.a(queuebuf.o)
 .bss           0x0000000000002f3e       0xb8 contiki-sky.a(packetbuf.o)
 .bss           0x0000000000002ff6        0x2 contiki-sky.a(framer-802154.o)
 .bss           0x0000000000002ff8        0x4 /usr/lib/gcc/msp430/4.6.3/../../../../msp430/lib/mmpy-16/libc.a(sprintf.o)
 *(COMMON)
 COMMON         0x0000000000002ffc        0x2 contiki-sky.a(shell.o)
                0x0000000000002ffc                shell_event_input
 COMMON         0x0000000000002ffe        0x2 contiki-sky.a(contiki-sky-pla)
                0x0000000000002ffe                sensors_flags
 COMMON         0x0000000000003000        0x8 contiki-sky.a(ds2411.o)
                0x0000000000003000                ds2411_id
 COMMON         0x0000000000003008        0x1 contiki-sky.a(sensors.o)
                0x0000000000003008                sensors_event
 *fill*         0x0000000000003009        0x1 00
 COMMON         0x000000000000300a       0x10 contiki-sky.a(cc2420.o)
                0x000000000000300a                cc2420_last_rssi
                0x000000000000300c                cc2420_sfd_start_time
                0x000000000000300e                cc2420_time_of_departure
                0x0000000000003010                cc2420_time_of_arrival
                0x0000000000003012                cc2420_last_correlation
                0x0000000000003014                cc2420_authority_level_of_sender
                0x0000000000003016                cc2420_sfd_counter
                0x0000000000003018                cc2420_sfd_end_time
 COMMON         0x000000000000301a        0x1 contiki-sky.a(slip.o)
                0x000000000000301a                slip_active
 *fill*         0x000000000000301b        0x1 00
 COMMON         0x000000000000301c        0x2 contiki-sky.a(msp430.o)
                0x000000000000301c                msp430_dco_required
 COMMON         0x000000000000301e       0x56 contiki-sky.a(energest.o)
                0x000000000000301e                energest_total_time
                0x000000000000304e                energest_total_count
                0x0000000000003050                energest_current_mode